Archive member included because of file (symbol)

c:/program files (x86)/atmel/avr tools/avr toolchain/bin/../lib/gcc/avr/4.5.1/avr6\libgcc.a(_mulsi3.o)
                              ff/ff.o (__mulsi3)
c:/program files (x86)/atmel/avr tools/avr toolchain/bin/../lib/gcc/avr/4.5.1/avr6\libgcc.a(_udivmodqi4.o)
                              one-wire/ds18x20.o (__udivmodqi4)
c:/program files (x86)/atmel/avr tools/avr toolchain/bin/../lib/gcc/avr/4.5.1/avr6\libgcc.a(_udivmodhi4.o)
                              ff/ff.o (__udivmodhi4)
c:/program files (x86)/atmel/avr tools/avr toolchain/bin/../lib/gcc/avr/4.5.1/avr6\libgcc.a(_divmodhi4.o)
                              one-wire/ds18x20.o (__divmodhi4)
c:/program files (x86)/atmel/avr tools/avr toolchain/bin/../lib/gcc/avr/4.5.1/avr6\libgcc.a(_udivmodsi4.o)
                              ff/ff.o (__udivmodsi4)
c:/program files (x86)/atmel/avr tools/avr toolchain/bin/../lib/gcc/avr/4.5.1/avr6\libgcc.a(_exit.o)
                              c:/program files (x86)/atmel/avr tools/avr toolchain/bin/../lib/gcc/avr/4.5.1/../../../../avr/lib/avr6/crtm2560.o (exit)
c:/program files (x86)/atmel/avr tools/avr toolchain/bin/../lib/gcc/avr/4.5.1/avr6\libgcc.a(_copy_data.o)
                              ff/ccsbcs.o (__do_copy_data)
c:/program files (x86)/atmel/avr tools/avr toolchain/bin/../lib/gcc/avr/4.5.1/avr6\libgcc.a(_clear_bss.o)
                              ff/diskio.o (__do_clear_bss)
c:/program files (x86)/atmel/avr tools/avr toolchain/bin/../lib/gcc/avr/4.5.1/../../../../avr/lib/avr6\libc.a(memcpy.o)
                              freertos/Source/queue.o (memcpy)
c:/program files (x86)/atmel/avr tools/avr toolchain/bin/../lib/gcc/avr/4.5.1/../../../../avr/lib/avr6\libc.a(memset.o)
                              eth/lan.o (memset)
c:/program files (x86)/atmel/avr tools/avr toolchain/bin/../lib/gcc/avr/4.5.1/../../../../avr/lib/avr6\libc.a(itoa.o)
                              ls020/ls020.o (itoa)
c:/program files (x86)/atmel/avr tools/avr toolchain/bin/../lib/gcc/avr/4.5.1/../../../../avr/lib/avr6\libc.a(printf.o)
                              one-wire/ds18x20.o (printf)
c:/program files (x86)/atmel/avr tools/avr toolchain/bin/../lib/gcc/avr/4.5.1/../../../../avr/lib/avr6\libc.a(sprintf.o)
                              main.o (sprintf)
c:/program files (x86)/atmel/avr tools/avr toolchain/bin/../lib/gcc/avr/4.5.1/../../../../avr/lib/avr6\libc.a(vfprintf_std.o)
                              c:/program files (x86)/atmel/avr tools/avr toolchain/bin/../lib/gcc/avr/4.5.1/../../../../avr/lib/avr6\libc.a(printf.o) (vfprintf)
c:/program files (x86)/atmel/avr tools/avr toolchain/bin/../lib/gcc/avr/4.5.1/../../../../avr/lib/avr6\libc.a(strnlen_P.o)
                              c:/program files (x86)/atmel/avr tools/avr toolchain/bin/../lib/gcc/avr/4.5.1/../../../../avr/lib/avr6\libc.a(vfprintf_std.o) (strnlen_P)
c:/program files (x86)/atmel/avr tools/avr toolchain/bin/../lib/gcc/avr/4.5.1/../../../../avr/lib/avr6\libc.a(strnlen.o)
                              c:/program files (x86)/atmel/avr tools/avr toolchain/bin/../lib/gcc/avr/4.5.1/../../../../avr/lib/avr6\libc.a(vfprintf_std.o) (strnlen)
c:/program files (x86)/atmel/avr tools/avr toolchain/bin/../lib/gcc/avr/4.5.1/../../../../avr/lib/avr6\libc.a(strrev.o)
                              c:/program files (x86)/atmel/avr tools/avr toolchain/bin/../lib/gcc/avr/4.5.1/../../../../avr/lib/avr6\libc.a(itoa.o) (strrev)
c:/program files (x86)/atmel/avr tools/avr toolchain/bin/../lib/gcc/avr/4.5.1/../../../../avr/lib/avr6\libc.a(fputc.o)
                              c:/program files (x86)/atmel/avr tools/avr toolchain/bin/../lib/gcc/avr/4.5.1/../../../../avr/lib/avr6\libc.a(vfprintf_std.o) (fputc)
c:/program files (x86)/atmel/avr tools/avr toolchain/bin/../lib/gcc/avr/4.5.1/../../../../avr/lib/avr6\libc.a(iob.o)
                              c:/program files (x86)/atmel/avr tools/avr toolchain/bin/../lib/gcc/avr/4.5.1/../../../../avr/lib/avr6\libc.a(printf.o) (__iob)
c:/program files (x86)/atmel/avr tools/avr toolchain/bin/../lib/gcc/avr/4.5.1/../../../../avr/lib/avr6\libc.a(ultoa_invert.o)
                              c:/program files (x86)/atmel/avr tools/avr toolchain/bin/../lib/gcc/avr/4.5.1/../../../../avr/lib/avr6\libc.a(vfprintf_std.o) (__ultoa_invert)

Allocating common symbols
Common symbol       size              file

portTicksPerSecond  0x2               freertos/Source/portable/GCC/ATMega323/port.o
nDevices            0x1               one-wire/ds18x20.o
owDevicesIDs        0x50              one-wire/ds18x20.o
month               0x1               main.o
arp_cache_wr        0x1               eth/lan.o
var1                0xc8              main.o
temp                0x1               main.o
second              0x1               main.o
ADC_Hlobal          0x1               main.o
minute              0x1               main.o
net_buf             0x200             eth/lan.o
buf2                0x5               main.o
hour                0x1               main.o
data                0x1               i2c/i2c.o
loctime             0x4               main.o
year                0x2               main.o
arp_cache           0x1e              eth/lan.o
s                   0x1               main.o
h                   0x1               main.o
buf                 0x64              main.o
date                0x1               main.o
m                   0x1               main.o
__iob               0x6               c:/program files (x86)/atmel/avr tools/avr toolchain/bin/../lib/gcc/avr/4.5.1/../../../../avr/lib/avr6\libc.a(iob.o)

Discarded input sections

 .data          0x00000000        0x0 c:/program files (x86)/atmel/avr tools/avr toolchain/bin/../lib/gcc/avr/4.5.1/../../../../avr/lib/avr6/crtm2560.o
 .bss           0x00000000        0x0 c:/program files (x86)/atmel/avr tools/avr toolchain/bin/../lib/gcc/avr/4.5.1/../../../../avr/lib/avr6/crtm2560.o
 .text          0x00000000        0x0 ff/ccsbcs.o
 .data          0x00000000        0x0 ff/ccsbcs.o
 .bss           0x00000000        0x0 ff/ccsbcs.o
 .text.ff_convert
                0x00000000       0x54 ff/ccsbcs.o
 .rodata.Tbl    0x00000000      0x100 ff/ccsbcs.o
 .text          0x00000000        0x0 ff/diskio.o
 .data          0x00000000        0x0 ff/diskio.o
 .bss           0x00000000        0x0 ff/diskio.o
 .text.rcvr_spi
                0x00000000        0xe ff/diskio.o
 .text.deselect
                0x00000000        0x8 ff/diskio.o
 .text.power_off
                0x00000000       0x18 ff/diskio.o
 .text.wait_ready
                0x00000000       0x3a ff/diskio.o
 .text.select   0x00000000       0x1c ff/diskio.o
 .text.send_cmd
                0x00000000       0xca ff/diskio.o
 .text.xmit_datablock
                0x00000000       0x86 ff/diskio.o
 .text.rcvr_datablock
                0x00000000       0x98 ff/diskio.o
 .text.disk_initialize
                0x00000000      0x220 ff/diskio.o
 .text.disk_status
                0x00000000        0xe ff/diskio.o
 .text.disk_read
                0x00000000       0xa2 ff/diskio.o
 .text.disk_write
                0x00000000       0xe0 ff/diskio.o
 .text.disk_ioctl
                0x00000000      0x30c ff/diskio.o
 .text.disk_timerproc
                0x00000000       0x22 ff/diskio.o
 .bss.Timer1    0x00000000        0x1 ff/diskio.o
 .bss.Timer2    0x00000000        0x1 ff/diskio.o
 .data.Stat     0x00000000        0x1 ff/diskio.o
 .bss.CardType  0x00000000        0x1 ff/diskio.o
 .progmem.data  0x00000000       0x2d ff/diskio.o
 .text          0x00000000        0x0 ff/ff.o
 .data          0x00000000       0x1a ff/ff.o
 .bss           0x00000000        0x0 ff/ff.o
 .text.mem_cpy  0x00000000       0x20 ff/ff.o
 .text.mem_set  0x00000000       0x18 ff/ff.o
 .text.mem_cmp  0x00000000       0x30 ff/ff.o
 .text.clust2sect
                0x00000000       0x5e ff/ff.o
 .text.sum_sfn  0x00000000       0x20 ff/ff.o
 .text.validate
                0x00000000       0x2c ff/ff.o
 .text.check_fs
                0x00000000       0x9a ff/ff.o
 .text.auto_mount
                0x00000000      0x6c0 ff/ff.o
 .text.get_fileinfo
                0x00000000      0x1bc ff/ff.o
 .text.move_window
                0x00000000       0xf2 ff/ff.o
 .text.get_cluster
                0x00000000      0x1d4 ff/ff.o
 .text.dir_seek
                0x00000000      0x12c ff/ff.o
 .text.put_cluster
                0x00000000      0x1b0 ff/ff.o
 .text.create_chain
                0x00000000      0x1e8 ff/ff.o
 .text.remove_chain
                0x00000000       0xee ff/ff.o
 .text.dir_next
                0x00000000      0x232 ff/ff.o
 .text.dir_find
                0x00000000      0x20a ff/ff.o
 .text.follow_path
                0x00000000      0x3ec ff/ff.o
 .text.dir_remove
                0x00000000       0x7c ff/ff.o
 .text.dir_read
                0x00000000      0x1a2 ff/ff.o
 .text.sync     0x00000000      0x110 ff/ff.o
 .text.gen_numname
                0x00000000      0x102 ff/ff.o
 .text.dir_register
                0x00000000      0x324 ff/ff.o
 .text.f_mount  0x00000000       0x2c ff/ff.o
 .text.f_open   0x00000000      0x2d8 ff/ff.o
 .text.f_read   0x00000000      0x23c ff/ff.o
 .text.f_write  0x00000000      0x300 ff/ff.o
 .text.f_sync   0x00000000       0x8e ff/ff.o
 .text.f_close  0x00000000       0x18 ff/ff.o
 .text.f_lseek  0x00000000      0x3a6 ff/ff.o
 .text.f_opendir
                0x00000000      0x10c ff/ff.o
 .text.f_readdir
                0x00000000       0xb6 ff/ff.o
 .text.f_stat   0x00000000       0x96 ff/ff.o
 .text.f_truncate
                0x00000000      0x11e ff/ff.o
 .text.f_getfree
                0x00000000      0x232 ff/ff.o
 .text.f_unlink
                0x00000000      0x180 ff/ff.o
 .text.f_mkdir  0x00000000      0x2d8 ff/ff.o
 .text.f_chmod  0x00000000       0x96 ff/ff.o
 .text.f_utime  0x00000000       0xa2 ff/ff.o
 .text.f_rename
                0x00000000      0x22a ff/ff.o
 .text.f_gets   0x00000000       0xa6 ff/ff.o
 .text.f_putc   0x00000000       0x68 ff/ff.o
 .text.f_puts   0x00000000       0x4a ff/ff.o
 .text.f_printf
                0x00000000      0x28c ff/ff.o
 .bss.LfnBuf    0x00000000      0x200 ff/ff.o
 .bss.FatFs     0x00000000        0x2 ff/ff.o
 .bss.Fsid      0x00000000        0x2 ff/ff.o
 .rodata.LfnOfs
                0x00000000        0xd ff/ff.o
 .text          0x00000000        0x0 ff/UART_routines.o
 .data          0x00000000        0xb ff/UART_routines.o
 .bss           0x00000000        0x0 ff/UART_routines.o
 .text.uart0_init
                0x00000000       0x1c ff/UART_routines.o
 .text.receiveByte
                0x00000000       0x12 ff/UART_routines.o
 .text.transmitByte
                0x00000000        0xe ff/UART_routines.o
 .text.transmitString_F
                0x00000000       0x22 ff/UART_routines.o
 .text.transmitString
                0x00000000       0x28 ff/UART_routines.o
 .text.transmitHex
                0x00000000       0x88 ff/UART_routines.o
 .text          0x00000000        0x0 eth/enc28j60.o
 .bss           0x00000000        0x0 eth/enc28j60.o
 .text.enc28j60_rcr16
                0x00000000       0x32 eth/enc28j60.o
 .text.enc28j60_read_phy
                0x00000000       0x2a eth/enc28j60.o
 .text          0x00000000        0x0 eth/lan.o
 .data          0x00000000        0x0 eth/lan.o
 .bss           0x00000000        0x0 eth/lan.o
 .text.udp_reply
                0x00000000       0x6c eth/lan.o
 .text          0x00000000        0x0 eth/ntp.o
 .data          0x00000000        0x0 eth/ntp.o
 .bss           0x00000000        0x0 eth/ntp.o
 .text          0x00000000        0x0 freertos/Source/tasks.o
 .data          0x00000000        0x5 freertos/Source/tasks.o
 .bss           0x00000000        0x0 freertos/Source/tasks.o
 .text.prvAddCurrentTaskToDelayedList
                0x00000000       0x6e freertos/Source/tasks.o
 .text.xTaskGenericCreate
                0x00000000      0x26a freertos/Source/tasks.o
 .text.vTaskDelete
                0x00000000       0x86 freertos/Source/tasks.o
 .text.vTaskStartScheduler
                0x00000000       0x56 freertos/Source/tasks.o
 .text.vTaskEndScheduler
                0x00000000        0xc freertos/Source/tasks.o
 .text.vTaskSuspendAll
                0x00000000        0xc freertos/Source/tasks.o
 .text.xTaskGetTickCount
                0x00000000       0x16 freertos/Source/tasks.o
 .text.xTaskGetTickCountFromISR
                0x00000000        0xc freertos/Source/tasks.o
 .text.uxTaskGetNumberOfTasks
                0x00000000        0x6 freertos/Source/tasks.o
 .text.xTaskResumeAll
                0x00000000       0xe8 freertos/Source/tasks.o
 .text.prvIdleTask
                0x00000000       0x72 freertos/Source/tasks.o
 .text.vTaskDelay
                0x00000000       0x48 freertos/Source/tasks.o
 .text.vTaskDelayUntil
                0x00000000       0x78 freertos/Source/tasks.o
 .text.vTaskPlaceOnEventList
                0x00000000       0x3a freertos/Source/tasks.o
 .text.vTaskPlaceOnUnorderedEventList
                0x00000000       0x48 freertos/Source/tasks.o
 .text.xTaskRemoveFromEventList
                0x00000000       0x8a freertos/Source/tasks.o
 .text.xTaskRemoveFromUnorderedEventList
                0x00000000       0x8a freertos/Source/tasks.o
 .text.vTaskSetTimeOutState
                0x00000000       0x16 freertos/Source/tasks.o
 .text.xTaskCheckForTimeOut
                0x00000000       0x68 freertos/Source/tasks.o
 .text.vTaskMissedYield
                0x00000000        0x8 freertos/Source/tasks.o
 .text.uxTaskResetEventItemValue
                0x00000000       0x30 freertos/Source/tasks.o
 .bss.xPendingReadyList
                0x00000000        0x9 freertos/Source/tasks.o
 .bss.uxCurrentNumberOfTasks
                0x00000000        0x1 freertos/Source/tasks.o
 .bss.xSchedulerRunning
                0x00000000        0x1 freertos/Source/tasks.o
 .bss.xTasksWaitingTermination
                0x00000000        0x9 freertos/Source/tasks.o
 .bss.uxTasksDeleted
                0x00000000        0x1 freertos/Source/tasks.o
 .bss.uxTaskNumber
                0x00000000        0x1 freertos/Source/tasks.o
 .bss.xDelayedTaskList1
                0x00000000        0x9 freertos/Source/tasks.o
 .bss.xDelayedTaskList2
                0x00000000        0x9 freertos/Source/tasks.o
 .text          0x00000000        0x0 freertos/Source/portable/GCC/ATMega323/port.o
 .data          0x00000000        0x0 freertos/Source/portable/GCC/ATMega323/port.o
 .bss           0x00000000        0x0 freertos/Source/portable/GCC/ATMega323/port.o
 .text.pxPortInitialiseStack
                0x00000000       0x9a freertos/Source/portable/GCC/ATMega323/port.o
 .text.xPortStartScheduler
                0x00000000       0x7c freertos/Source/portable/GCC/ATMega323/port.o
 .text.vPortEndScheduler
                0x00000000        0x2 freertos/Source/portable/GCC/ATMega323/port.o
 .text.vPortYield
                0x00000000       0xc2 freertos/Source/portable/GCC/ATMega323/port.o
 .text.vPortSystemClockEnable
                0x00000000       0x14 freertos/Source/portable/GCC/ATMega323/port.o
 COMMON         0x00000000        0x2 freertos/Source/portable/GCC/ATMega323/port.o
 .text          0x00000000        0x0 freertos/Source/portable/MemMang/heap_2.o
 .data          0x00000000        0x0 freertos/Source/portable/MemMang/heap_2.o
 .bss           0x00000000        0x0 freertos/Source/portable/MemMang/heap_2.o
 .text.pvPortMalloc
                0x00000000      0x13a freertos/Source/portable/MemMang/heap_2.o
 .text.vPortFree
                0x00000000       0x54 freertos/Source/portable/MemMang/heap_2.o
 .text.xPortGetFreeHeapSize
                0x00000000        0xa freertos/Source/portable/MemMang/heap_2.o
 .text.vPortInitialiseBlocks
                0x00000000        0x2 freertos/Source/portable/MemMang/heap_2.o
 .data.xFreeBytesRemaining
                0x00000000        0x2 freertos/Source/portable/MemMang/heap_2.o
 .bss.xStart    0x00000000        0x4 freertos/Source/portable/MemMang/heap_2.o
 .bss.xEnd      0x00000000        0x4 freertos/Source/portable/MemMang/heap_2.o
 .bss.xHeapHasBeenInitialised.1603
                0x00000000        0x1 freertos/Source/portable/MemMang/heap_2.o
 .bss.ucHeap    0x00000000      0x7d0 freertos/Source/portable/MemMang/heap_2.o
 .text          0x00000000        0x0 freertos/Source/list.o
 .data          0x00000000        0x0 freertos/Source/list.o
 .bss           0x00000000        0x0 freertos/Source/list.o
 .text.vListInitialise
                0x00000000       0x1c freertos/Source/list.o
 .text.vListInitialiseItem
                0x00000000        0x8 freertos/Source/list.o
 .text.vListInsert
                0x00000000       0x72 freertos/Source/list.o
 .text          0x00000000        0x0 freertos/Source/croutine.o
 .data          0x00000000        0x0 freertos/Source/croutine.o
 .bss           0x00000000        0x0 freertos/Source/croutine.o
 .text.xCoRoutineCreate
                0x00000000      0x106 freertos/Source/croutine.o
 .text.vCoRoutineAddToDelayedList
                0x00000000       0x7a freertos/Source/croutine.o
 .text.vCoRoutineSchedule
                0x00000000      0x1e6 freertos/Source/croutine.o
 .text.xCoRoutineRemoveFromEventList
                0x00000000       0x4a freertos/Source/croutine.o
 .bss.pxCurrentCoRoutine
                0x00000000        0x2 freertos/Source/croutine.o
 .bss.xPendingReadyCoRoutineList
                0x00000000        0x9 freertos/Source/croutine.o
 .bss.uxTopCoRoutineReadyPriority
                0x00000000        0x1 freertos/Source/croutine.o
 .bss.pxReadyCoRoutineLists
                0x00000000       0x12 freertos/Source/croutine.o
 .bss.xLastTickCount
                0x00000000        0x2 freertos/Source/croutine.o
 .bss.xPassedTicks
                0x00000000        0x2 freertos/Source/croutine.o
 .bss.xCoRoutineTickCount
                0x00000000        0x2 freertos/Source/croutine.o
 .bss.pxDelayedCoRoutineList
                0x00000000        0x2 freertos/Source/croutine.o
 .bss.pxOverflowDelayedCoRoutineList
                0x00000000        0x2 freertos/Source/croutine.o
 .bss.xDelayedCoRoutineList1
                0x00000000        0x9 freertos/Source/croutine.o
 .bss.xDelayedCoRoutineList2
                0x00000000        0x9 freertos/Source/croutine.o
 .text          0x00000000        0x0 freertos/Source/queue.o
 .data          0x00000000        0x0 freertos/Source/queue.o
 .bss           0x00000000        0x0 freertos/Source/queue.o
 .text.prvCopyDataToQueue
                0x00000000       0x94 freertos/Source/queue.o
 .text.prvCopyDataFromQueue
                0x00000000       0x40 freertos/Source/queue.o
 .text.prvUnlockQueue
                0x00000000       0x80 freertos/Source/queue.o
 .text.xQueueGenericReset
                0x00000000       0x9a freertos/Source/queue.o
 .text.xQueueGenericCreate
                0x00000000       0x68 freertos/Source/queue.o
 .text.xQueueGenericSend
                0x00000000      0x14e freertos/Source/queue.o
 .text.xQueueGenericSendFromISR
                0x00000000       0x6e freertos/Source/queue.o
 .text.xQueueGenericReceive
                0x00000000      0x168 freertos/Source/queue.o
 .text.xQueueReceiveFromISR
                0x00000000       0x6c freertos/Source/queue.o
 .text.xQueuePeekFromISR
                0x00000000       0x3e freertos/Source/queue.o
 .text.uxQueueMessagesWaiting
                0x00000000       0x10 freertos/Source/queue.o
 .text.uxQueueSpacesAvailable
                0x00000000       0x14 freertos/Source/queue.o
 .text.uxQueueMessagesWaitingFromISR
                0x00000000        0x6 freertos/Source/queue.o
 .text.vQueueDelete
                0x00000000       0x2e freertos/Source/queue.o
 .text.xQueueIsQueueEmptyFromISR
                0x00000000        0xc freertos/Source/queue.o
 .text.xQueueIsQueueFullFromISR
                0x00000000        0xe freertos/Source/queue.o
 .text.xQueueCRSend
                0x00000000       0x80 freertos/Source/queue.o
 .text.xQueueCRReceive
                0x00000000       0xa2 freertos/Source/queue.o
 .text.xQueueCRSendFromISR
                0x00000000       0x4e freertos/Source/queue.o
 .text.xQueueCRReceiveFromISR
                0x00000000       0x8a freertos/Source/queue.o
 .text          0x00000000        0x0 freertos/Source/timers.o
 .data          0x00000000        0x0 freertos/Source/timers.o
 .bss           0x00000000        0x0 freertos/Source/timers.o
 .text          0x00000000        0x0 adc/adc.o
 .data          0x00000000        0x0 adc/adc.o
 .bss           0x00000000        0x0 adc/adc.o
 .text.ADCON    0x00000000        0xc adc/adc.o
 .text.ADCOFF   0x00000000        0xc adc/adc.o
 .text.ADCStartConversionON
                0x00000000        0xc adc/adc.o
 .text.ADCStartConversionOFF
                0x00000000        0xc adc/adc.o
 .text.ADCInterruptON
                0x00000000        0xc adc/adc.o
 .text.InitADC  0x00000000      0x398 adc/adc.o
 .text.ADCInterruptOFF
                0x00000000        0xc adc/adc.o
 .text          0x00000000        0x0 adc/adc_ex.o
 .data          0x00000000        0x0 adc/adc_ex.o
 .bss           0x00000000        0x0 adc/adc_ex.o
 .text          0x00000000        0x0 uart/at_command.o
 .data          0x00000000        0x2 uart/at_command.o
 .bss           0x00000000        0x0 uart/at_command.o
 .text.AT_UNIVERSAL
                0x00000000       0x8c uart/at_command.o
 .text.AT_UNIVERSAL_P
                0x00000000       0x8c uart/at_command.o
 .text.TEST     0x00000000       0x96 uart/at_command.o
 .text.AT       0x00000000       0x10 uart/at_command.o
 .text.AT_CGMI  0x00000000       0x10 uart/at_command.o
 .text.AT_CGMM  0x00000000       0x10 uart/at_command.o
 .text.AT_CGMR  0x00000000       0x10 uart/at_command.o
 .text.AT_CGSN  0x00000000       0x10 uart/at_command.o
 .text.AT_CSCS  0x00000000       0x10 uart/at_command.o
 .text.AT_CBC   0x00000000       0x10 uart/at_command.o
 .text.AT_CPAS  0x00000000       0x10 uart/at_command.o
 .text.AT_CEER  0x00000000       0x10 uart/at_command.o
 .text.AT_CMEE  0x00000000       0x10 uart/at_command.o
 .text.AT_WIND  0x00000000       0x10 uart/at_command.o
 .text.AT_V     0x00000000       0x10 uart/at_command.o
 .text.ATA      0x00000000       0x10 uart/at_command.o
 .text.AT_CHUP  0x00000000       0x10 uart/at_command.o
 .text.AT_CLCC  0x00000000       0x10 uart/at_command.o
 .text.ATD      0x00000000       0x46 uart/at_command.o
 .text.AT_CMGS  0x00000000       0x6a uart/at_command.o
 .text.AT_CMGF  0x00000000       0x10 uart/at_command.o
 .text.AT_CBST  0x00000000       0x10 uart/at_command.o
 .text.AT_CGATT
                0x00000000       0x10 uart/at_command.o
 .text.AT_CGDCONT
                0x00000000       0x10 uart/at_command.o
 .text.AT_CIPCSGP
                0x00000000       0x10 uart/at_command.o
 .text.AT_CGQREQ
                0x00000000       0x10 uart/at_command.o
 .text.AT_CGQMIN
                0x00000000       0x10 uart/at_command.o
 .text.AT_CGACT
                0x00000000       0x10 uart/at_command.o
 .text.AT_CGDATA
                0x00000000       0x10 uart/at_command.o
 .text.AT_CGCLASS
                0x00000000       0x10 uart/at_command.o
 .text.AT_CGREG
                0x00000000       0x10 uart/at_command.o
 .progmem.data  0x00000000      0x197 uart/at_command.o
 .text          0x00000000        0x0 uart/uart.o
 .data          0x00000000        0x0 uart/uart.o
 .bss           0x00000000        0x0 uart/uart.o
 .text.ReceiveToUart0
                0x00000000       0x12 uart/uart.o
 .text          0x00000000        0x0 one-wire/ds18x20.o
 .data          0x00000000       0x28 one-wire/ds18x20.o
 .bss           0x00000000        0x0 one-wire/ds18x20.o
 .text.DS18x20_StartMeasure
                0x00000000       0x1c one-wire/ds18x20.o
 .text.DS18x20_StartMeasureAddressed
                0x00000000       0x26 one-wire/ds18x20.o
 .text.crc8     0x00000000       0x3c one-wire/ds18x20.o
 .text.DS18x20_ReadData
                0x00000000       0xb6 one-wire/ds18x20.o
 .text.DS18x20_ConvertToThemperature
                0x00000000       0x64 one-wire/ds18x20.o
 .text.print_address
                0x00000000       0x8c one-wire/ds18x20.o
 .text.search_ow_devices
                0x00000000       0xb2 one-wire/ds18x20.o
 .text.DallasTemp
                0x00000000      0x11e one-wire/ds18x20.o
 .rodata.C.4.2449
                0x00000000        0x9 one-wire/ds18x20.o
 COMMON         0x00000000       0x51 one-wire/ds18x20.o
 .text          0x00000000        0x0 one-wire/onewire.o
 .data          0x00000000        0x0 one-wire/onewire.o
 .bss           0x00000000        0x0 one-wire/onewire.o
 .text.OthersTasks
                0x00000000        0x2 one-wire/onewire.o
 .text.OW_Set   0x00000000       0x10 one-wire/onewire.o
 .text.OW_CheckIn
                0x00000000        0x6 one-wire/onewire.o
 .text.OW_Reset
                0x00000000       0x34 one-wire/onewire.o
 .text.OW_WriteBit
                0x00000000       0x2a one-wire/onewire.o
 .text.OW_ReadBit
                0x00000000       0x28 one-wire/onewire.o
 .text.OW_WriteByte
                0x00000000       0x3e one-wire/onewire.o
 .text.OW_ReadByte
                0x00000000       0x42 one-wire/onewire.o
 .text.OW_SearchROM
                0x00000000       0x94 one-wire/onewire.o
 .text.OW_FindROM
                0x00000000       0x14 one-wire/onewire.o
 .text.OW_ReadROM
                0x00000000       0x4a one-wire/onewire.o
 .text.OW_MatchROM
                0x00000000       0x4a one-wire/onewire.o
 .text          0x00000000        0x0 lcd/hd44780.o
 .data          0x00000000        0x0 lcd/hd44780.o
 .bss           0x00000000        0x0 lcd/hd44780.o
 .text.ucHd44780DataReads
                0x00000000       0x36 lcd/hd44780.o
 .text          0x00000000        0x0 lcd/lcd.o
 .data          0x00000000        0x0 lcd/lcd.o
 .bss           0x00000000        0x0 lcd/lcd.o
 .text.vLcdWriteString
                0x00000000       0x2a lcd/lcd.o
 .text.vLcdWriteInt
                0x00000000       0xa4 lcd/lcd.o
 .text.vLcdWriteTime
                0x00000000       0x56 lcd/lcd.o
 .text.vLcdWriteDate
                0x00000000       0x58 lcd/lcd.o
 .text          0x00000000        0x0 i2c/i2c.o
 .data          0x00000000        0x0 i2c/i2c.o
 .bss           0x00000000        0x0 i2c/i2c.o
 .text.I2CStart
                0x00000000       0x10 i2c/i2c.o
 .text.I2CStop  0x00000000       0x10 i2c/i2c.o
 .text.I2CWriteByte
                0x00000000       0x3e i2c/i2c.o
 .text.I2CReadByte
                0x00000000       0x4c i2c/i2c.o
 COMMON         0x00000000        0x1 i2c/i2c.o
 .text          0x00000000        0x0 i2c/ds1307.o
 .data          0x00000000        0x0 i2c/ds1307.o
 .bss           0x00000000        0x0 i2c/ds1307.o
 .text.ucDS1307Read
                0x00000000       0x4e i2c/ds1307.o
 .text.ucDS1307Write
                0x00000000       0x3a i2c/ds1307.o
 .text.vDS1307StartTime
                0x00000000       0x2a i2c/ds1307.o
 .text.vDS1307StoptTime
                0x00000000       0x2a i2c/ds1307.o
 .text.vDS1307SetTime
                0x00000000       0x76 i2c/ds1307.o
 .text.vDS1307SetData
                0x00000000       0x76 i2c/ds1307.o
 .text.vDS1307TimeReadWriteLCD
                0x00000000       0xda i2c/ds1307.o
 .text.vDS1307DateReadWriteLCD
                0x00000000      0x10e i2c/ds1307.o
 .text          0x00000000        0x0 spi/spi.o
 .data          0x00000000        0x0 spi/spi.o
 .bss           0x00000000        0x0 spi/spi.o
 .text.SPIClose
                0x00000000        0xe spi/spi.o
 .text          0x00000000        0x0 ls020/main_LS020.o
 .data          0x00000000        0x0 ls020/main_LS020.o
 .bss           0x00000000        0x0 ls020/main_LS020.o
 .text          0x00000000        0x0 ls020/spiLS020.o
 .data          0x00000000        0x0 ls020/spiLS020.o
 .bss           0x00000000        0x0 ls020/spiLS020.o
 .text.SPIPINOFF
                0x00000000        0x8 ls020/spiLS020.o
 .text.SPIInterruptON
                0x00000000        0x8 ls020/spiLS020.o
 .text.SPIInterruptOFF
                0x00000000        0x8 ls020/spiLS020.o
 .text.SPIOFF   0x00000000        0x8 ls020/spiLS020.o
 .text.SlaveSPISelectON
                0x00000000        0x4 ls020/spiLS020.o
 .text.SendToSPI8bit
                0x00000000       0x26 ls020/spiLS020.o
 .text.SendToSPI16bit
                0x00000000       0x22 ls020/spiLS020.o
 .text.ReceiveFromSPI8bit
                0x00000000        0xa ls020/spiLS020.o
 .text          0x00000000        0x0 ls020/main_LS020_2.o
 .data          0x00000000        0x0 ls020/main_LS020_2.o
 .bss           0x00000000        0x0 ls020/main_LS020_2.o
 .text          0x00000000        0x0 ls020/ls020.o
 .bss           0x00000000        0x0 ls020/ls020.o
 .text.vLs020PutDot
                0x00000000       0x82 ls020/ls020.o
 .text.vLs020FillScreen
                0x00000000       0x88 ls020/ls020.o
 .text.vLs020DrawLine
                0x00000000      0x10c ls020/ls020.o
 .text.vLs020DrawCircle
                0x00000000      0x112 ls020/ls020.o
 .text.vLs020DrawCircleFull
                0x00000000       0x50 ls020/ls020.o
 .text.vLs020DrawCircleFull2
                0x00000000       0xfa ls020/ls020.o
 .text.vLs020Picture
                0x00000000       0x3a ls020/ls020.o
 .bss.backcolor
                0x00000000        0x2 ls020/ls020.o
 .data.textcolor
                0x00000000        0x2 ls020/ls020.o
 .text          0x00000000        0x0 main.o
 .bss           0x00000000        0x0 main.o
 .text.get_fattime
                0x00000000        0xa main.o
 .text.vApplicationIdleHook
                0x00000000        0x2 main.o
 .data.dataFAT  0x00000000       0x40 main.o
 .data.VoltagePower
                0x00000000        0x4 main.o
 .data.usart_str
                0x00000000        0xe main.o
 .bss.ByteWrite
                0x00000000        0x2 main.o
 .data.var      0x00000000        0x2 main.o
 .bss.ByteRead  0x00000000        0x2 main.o
 .bss.dots      0x00000000        0x2 main.o
 .text          0x00000000        0x0 Main_ALL.o
 .data          0x00000000        0x0 Main_ALL.o
 .bss           0x00000000        0x0 Main_ALL.o
 .text          0x00000000        0x0 Main_LAN.o
 .data          0x00000000        0x0 Main_LAN.o
 .bss           0x00000000        0x0 Main_LAN.o
 .text          0x00000000        0x0 Main_RTOS.o
 .data          0x00000000        0x0 Main_RTOS.o
 .bss           0x00000000        0x0 Main_RTOS.o
 .text.vTask15  0x00000000       0x14 Main_RTOS.o
 .text.vTask16  0x00000000       0x14 Main_RTOS.o
 .text.main3333
                0x00000000       0x10 Main_RTOS.o
 .text          0x00000000        0x0 c:/program files (x86)/atmel/avr tools/avr toolchain/bin/../lib/gcc/avr/4.5.1/avr6\libgcc.a(_mulsi3.o)
 .data          0x00000000        0x0 c:/program files (x86)/atmel/avr tools/avr toolchain/bin/../lib/gcc/avr/4.5.1/avr6\libgcc.a(_mulsi3.o)
 .bss           0x00000000        0x0 c:/program files (x86)/atmel/avr tools/avr toolchain/bin/../lib/gcc/avr/4.5.1/avr6\libgcc.a(_mulsi3.o)
 .text.libgcc   0x00000000       0x3e c:/program files (x86)/atmel/avr tools/avr toolchain/bin/../lib/gcc/avr/4.5.1/avr6\libgcc.a(_mulsi3.o)
 .text          0x00000000        0x0 c:/program files (x86)/atmel/avr tools/avr toolchain/bin/../lib/gcc/avr/4.5.1/avr6\libgcc.a(_udivmodqi4.o)
 .data          0x00000000        0x0 c:/program files (x86)/atmel/avr tools/avr toolchain/bin/../lib/gcc/avr/4.5.1/avr6\libgcc.a(_udivmodqi4.o)
 .bss           0x00000000        0x0 c:/program files (x86)/atmel/avr tools/avr toolchain/bin/../lib/gcc/avr/4.5.1/avr6\libgcc.a(_udivmodqi4.o)
 .text          0x00000000        0x0 c:/program files (x86)/atmel/avr tools/avr toolchain/bin/../lib/gcc/avr/4.5.1/avr6\libgcc.a(_udivmodhi4.o)
 .data          0x00000000        0x0 c:/program files (x86)/atmel/avr tools/avr toolchain/bin/../lib/gcc/avr/4.5.1/avr6\libgcc.a(_udivmodhi4.o)
 .bss           0x00000000        0x0 c:/program files (x86)/atmel/avr tools/avr toolchain/bin/../lib/gcc/avr/4.5.1/avr6\libgcc.a(_udivmodhi4.o)
 .text          0x00000000        0x0 c:/program files (x86)/atmel/avr tools/avr toolchain/bin/../lib/gcc/avr/4.5.1/avr6\libgcc.a(_divmodhi4.o)
 .data          0x00000000        0x0 c:/program files (x86)/atmel/avr tools/avr toolchain/bin/../lib/gcc/avr/4.5.1/avr6\libgcc.a(_divmodhi4.o)
 .bss           0x00000000        0x0 c:/program files (x86)/atmel/avr tools/avr toolchain/bin/../lib/gcc/avr/4.5.1/avr6\libgcc.a(_divmodhi4.o)
 .text          0x00000000        0x0 c:/program files (x86)/atmel/avr tools/avr toolchain/bin/../lib/gcc/avr/4.5.1/avr6\libgcc.a(_udivmodsi4.o)
 .data          0x00000000        0x0 c:/program files (x86)/atmel/avr tools/avr toolchain/bin/../lib/gcc/avr/4.5.1/avr6\libgcc.a(_udivmodsi4.o)
 .bss           0x00000000        0x0 c:/program files (x86)/atmel/avr tools/avr toolchain/bin/../lib/gcc/avr/4.5.1/avr6\libgcc.a(_udivmodsi4.o)
 .text          0x00000000        0x0 c:/program files (x86)/atmel/avr tools/avr toolchain/bin/../lib/gcc/avr/4.5.1/avr6\libgcc.a(_exit.o)
 .data          0x00000000        0x0 c:/program files (x86)/atmel/avr tools/avr toolchain/bin/../lib/gcc/avr/4.5.1/avr6\libgcc.a(_exit.o)
 .bss           0x00000000        0x0 c:/program files (x86)/atmel/avr tools/avr toolchain/bin/../lib/gcc/avr/4.5.1/avr6\libgcc.a(_exit.o)
 .text.libgcc   0x00000000        0x0 c:/program files (x86)/atmel/avr tools/avr toolchain/bin/../lib/gcc/avr/4.5.1/avr6\libgcc.a(_exit.o)
 .text          0x00000000        0x0 c:/program files (x86)/atmel/avr tools/avr toolchain/bin/../lib/gcc/avr/4.5.1/avr6\libgcc.a(_copy_data.o)
 .data          0x00000000        0x0 c:/program files (x86)/atmel/avr tools/avr toolchain/bin/../lib/gcc/avr/4.5.1/avr6\libgcc.a(_copy_data.o)
 .bss           0x00000000        0x0 c:/program files (x86)/atmel/avr tools/avr toolchain/bin/../lib/gcc/avr/4.5.1/avr6\libgcc.a(_copy_data.o)
 .text.libgcc   0x00000000        0x0 c:/program files (x86)/atmel/avr tools/avr toolchain/bin/../lib/gcc/avr/4.5.1/avr6\libgcc.a(_copy_data.o)
 .text          0x00000000        0x0 c:/program files (x86)/atmel/avr tools/avr toolchain/bin/../lib/gcc/avr/4.5.1/avr6\libgcc.a(_clear_bss.o)
 .data          0x00000000        0x0 c:/program files (x86)/atmel/avr tools/avr toolchain/bin/../lib/gcc/avr/4.5.1/avr6\libgcc.a(_clear_bss.o)
 .bss           0x00000000        0x0 c:/program files (x86)/atmel/avr tools/avr toolchain/bin/../lib/gcc/avr/4.5.1/avr6\libgcc.a(_clear_bss.o)
 .text.libgcc   0x00000000        0x0 c:/program files (x86)/atmel/avr tools/avr toolchain/bin/../lib/gcc/avr/4.5.1/avr6\libgcc.a(_clear_bss.o)
 .text          0x00000000        0x0 c:/program files (x86)/atmel/avr tools/avr toolchain/bin/../lib/gcc/avr/4.5.1/../../../../avr/lib/avr6\libc.a(memcpy.o)
 .data          0x00000000        0x0 c:/program files (x86)/atmel/avr tools/avr toolchain/bin/../lib/gcc/avr/4.5.1/../../../../avr/lib/avr6\libc.a(memcpy.o)
 .bss           0x00000000        0x0 c:/program files (x86)/atmel/avr tools/avr toolchain/bin/../lib/gcc/avr/4.5.1/../../../../avr/lib/avr6\libc.a(memcpy.o)
 .text.avr-libc
                0x00000000       0x12 c:/program files (x86)/atmel/avr tools/avr toolchain/bin/../lib/gcc/avr/4.5.1/../../../../avr/lib/avr6\libc.a(memcpy.o)
 .text          0x00000000        0x0 c:/program files (x86)/atmel/avr tools/avr toolchain/bin/../lib/gcc/avr/4.5.1/../../../../avr/lib/avr6\libc.a(memset.o)
 .data          0x00000000        0x0 c:/program files (x86)/atmel/avr tools/avr toolchain/bin/../lib/gcc/avr/4.5.1/../../../../avr/lib/avr6\libc.a(memset.o)
 .bss           0x00000000        0x0 c:/program files (x86)/atmel/avr tools/avr toolchain/bin/../lib/gcc/avr/4.5.1/../../../../avr/lib/avr6\libc.a(memset.o)
 .text          0x00000000        0x0 c:/program files (x86)/atmel/avr tools/avr toolchain/bin/../lib/gcc/avr/4.5.1/../../../../avr/lib/avr6\libc.a(itoa.o)
 .data          0x00000000        0x0 c:/program files (x86)/atmel/avr tools/avr toolchain/bin/../lib/gcc/avr/4.5.1/../../../../avr/lib/avr6\libc.a(itoa.o)
 .bss           0x00000000        0x0 c:/program files (x86)/atmel/avr tools/avr toolchain/bin/../lib/gcc/avr/4.5.1/../../../../avr/lib/avr6\libc.a(itoa.o)
 .text          0x00000000        0x0 c:/program files (x86)/atmel/avr tools/avr toolchain/bin/../lib/gcc/avr/4.5.1/../../../../avr/lib/avr6\libc.a(printf.o)
 .data          0x00000000        0x0 c:/program files (x86)/atmel/avr tools/avr toolchain/bin/../lib/gcc/avr/4.5.1/../../../../avr/lib/avr6\libc.a(printf.o)
 .bss           0x00000000        0x0 c:/program files (x86)/atmel/avr tools/avr toolchain/bin/../lib/gcc/avr/4.5.1/../../../../avr/lib/avr6\libc.a(printf.o)
 .text.avr-libc
                0x00000000       0x24 c:/program files (x86)/atmel/avr tools/avr toolchain/bin/../lib/gcc/avr/4.5.1/../../../../avr/lib/avr6\libc.a(printf.o)
 .text          0x00000000        0x0 c:/program files (x86)/atmel/avr tools/avr toolchain/bin/../lib/gcc/avr/4.5.1/../../../../avr/lib/avr6\libc.a(sprintf.o)
 .data          0x00000000        0x0 c:/program files (x86)/atmel/avr tools/avr toolchain/bin/../lib/gcc/avr/4.5.1/../../../../avr/lib/avr6\libc.a(sprintf.o)
 .bss           0x00000000        0x0 c:/program files (x86)/atmel/avr tools/avr toolchain/bin/../lib/gcc/avr/4.5.1/../../../../avr/lib/avr6\libc.a(sprintf.o)
 .text          0x00000000        0x0 c:/program files (x86)/atmel/avr tools/avr toolchain/bin/../lib/gcc/avr/4.5.1/../../../../avr/lib/avr6\libc.a(vfprintf_std.o)
 .data          0x00000000        0x0 c:/program files (x86)/atmel/avr tools/avr toolchain/bin/../lib/gcc/avr/4.5.1/../../../../avr/lib/avr6\libc.a(vfprintf_std.o)
 .bss           0x00000000        0x0 c:/program files (x86)/atmel/avr tools/avr toolchain/bin/../lib/gcc/avr/4.5.1/../../../../avr/lib/avr6\libc.a(vfprintf_std.o)
 .text          0x00000000        0x0 c:/program files (x86)/atmel/avr tools/avr toolchain/bin/../lib/gcc/avr/4.5.1/../../../../avr/lib/avr6\libc.a(strnlen_P.o)
 .data          0x00000000        0x0 c:/program files (x86)/atmel/avr tools/avr toolchain/bin/../lib/gcc/avr/4.5.1/../../../../avr/lib/avr6\libc.a(strnlen_P.o)
 .bss           0x00000000        0x0 c:/program files (x86)/atmel/avr tools/avr toolchain/bin/../lib/gcc/avr/4.5.1/../../../../avr/lib/avr6\libc.a(strnlen_P.o)
 .text          0x00000000        0x0 c:/program files (x86)/atmel/avr tools/avr toolchain/bin/../lib/gcc/avr/4.5.1/../../../../avr/lib/avr6\libc.a(strnlen.o)
 .data          0x00000000        0x0 c:/program files (x86)/atmel/avr tools/avr toolchain/bin/../lib/gcc/avr/4.5.1/../../../../avr/lib/avr6\libc.a(strnlen.o)
 .bss           0x00000000        0x0 c:/program files (x86)/atmel/avr tools/avr toolchain/bin/../lib/gcc/avr/4.5.1/../../../../avr/lib/avr6\libc.a(strnlen.o)
 .text          0x00000000        0x0 c:/program files (x86)/atmel/avr tools/avr toolchain/bin/../lib/gcc/avr/4.5.1/../../../../avr/lib/avr6\libc.a(strrev.o)
 .data          0x00000000        0x0 c:/program files (x86)/atmel/avr tools/avr toolchain/bin/../lib/gcc/avr/4.5.1/../../../../avr/lib/avr6\libc.a(strrev.o)
 .bss           0x00000000        0x0 c:/program files (x86)/atmel/avr tools/avr toolchain/bin/../lib/gcc/avr/4.5.1/../../../../avr/lib/avr6\libc.a(strrev.o)
 .text          0x00000000        0x0 c:/program files (x86)/atmel/avr tools/avr toolchain/bin/../lib/gcc/avr/4.5.1/../../../../avr/lib/avr6\libc.a(fputc.o)
 .data          0x00000000        0x0 c:/program files (x86)/atmel/avr tools/avr toolchain/bin/../lib/gcc/avr/4.5.1/../../../../avr/lib/avr6\libc.a(fputc.o)
 .bss           0x00000000        0x0 c:/program files (x86)/atmel/avr tools/avr toolchain/bin/../lib/gcc/avr/4.5.1/../../../../avr/lib/avr6\libc.a(fputc.o)
 .text          0x00000000        0x0 c:/program files (x86)/atmel/avr tools/avr toolchain/bin/../lib/gcc/avr/4.5.1/../../../../avr/lib/avr6\libc.a(iob.o)
 .data          0x00000000        0x0 c:/program files (x86)/atmel/avr tools/avr toolchain/bin/../lib/gcc/avr/4.5.1/../../../../avr/lib/avr6\libc.a(iob.o)
 .bss           0x00000000        0x0 c:/program files (x86)/atmel/avr tools/avr toolchain/bin/../lib/gcc/avr/4.5.1/../../../../avr/lib/avr6\libc.a(iob.o)
 COMMON         0x00000000        0x6 c:/program files (x86)/atmel/avr tools/avr toolchain/bin/../lib/gcc/avr/4.5.1/../../../../avr/lib/avr6\libc.a(iob.o)
 .text          0x00000000        0x0 c:/program files (x86)/atmel/avr tools/avr toolchain/bin/../lib/gcc/avr/4.5.1/../../../../avr/lib/avr6\libc.a(ultoa_invert.o)
 .data          0x00000000        0x0 c:/program files (x86)/atmel/avr tools/avr toolchain/bin/../lib/gcc/avr/4.5.1/../../../../avr/lib/avr6\libc.a(ultoa_invert.o)
 .bss           0x00000000        0x0 c:/program files (x86)/atmel/avr tools/avr toolchain/bin/../lib/gcc/avr/4.5.1/../../../../avr/lib/avr6\libc.a(ultoa_invert.o)

Memory Configuration

Name             Origin             Length             Attributes
text             0x00000000         0x00100000         xr
data             0x00800200         0x0000fe00         rw !x
eeprom           0x00810000         0x00010000         rw !x
fuse             0x00820000         0x00000400         rw !x
lock             0x00830000         0x00000400         rw !x
signature        0x00840000         0x00000400         rw !x
*default*        0x00000000         0xffffffff

Linker script and memory map

Address of section .data set to 0x800200
LOAD c:/program files (x86)/atmel/avr tools/avr toolchain/bin/../lib/gcc/avr/4.5.1/../../../../avr/lib/avr6/crtm2560.o
LOAD ff/ccsbcs.o
LOAD ff/diskio.o
LOAD ff/ff.o
LOAD ff/UART_routines.o
LOAD eth/enc28j60.o
LOAD eth/lan.o
LOAD eth/ntp.o
LOAD freertos/Source/tasks.o
LOAD freertos/Source/portable/GCC/ATMega323/port.o
LOAD freertos/Source/portable/MemMang/heap_2.o
LOAD freertos/Source/list.o
LOAD freertos/Source/croutine.o
LOAD freertos/Source/queue.o
LOAD freertos/Source/timers.o
LOAD adc/adc.o
LOAD adc/adc_ex.o
LOAD uart/at_command.o
LOAD uart/uart.o
LOAD one-wire/ds18x20.o
LOAD one-wire/onewire.o
LOAD lcd/hd44780.o
LOAD lcd/lcd.o
LOAD i2c/i2c.o
LOAD i2c/ds1307.o
LOAD spi/spi.o
LOAD ls020/main_LS020.o
LOAD ls020/spiLS020.o
LOAD ls020/main_LS020_2.o
LOAD ls020/ls020.o
LOAD main.o
LOAD Main_ALL.o
LOAD Main_LAN.o
LOAD Main_RTOS.o
START GROUP
END GROUP
LOAD c:/program files (x86)/atmel/avr tools/avr toolchain/bin/../lib/gcc/avr/4.5.1/avr6\libgcc.a
LOAD c:/program files (x86)/atmel/avr tools/avr toolchain/bin/../lib/gcc/avr/4.5.1/../../../../avr/lib/avr6\libc.a
LOAD c:/program files (x86)/atmel/avr tools/avr toolchain/bin/../lib/gcc/avr/4.5.1/avr6\libgcc.a

.hash
 *(.hash)

.dynsym
 *(.dynsym)

.dynstr
 *(.dynstr)

.gnu.version
 *(.gnu.version)

.gnu.version_d
 *(.gnu.version_d)

.gnu.version_r
 *(.gnu.version_r)

.rel.init
 *(.rel.init)

.rela.init
 *(.rela.init)

.rel.text
 *(.rel.text)
 *(.rel.text.*)
 *(.rel.gnu.linkonce.t*)

.rela.text
 *(.rela.text)
 *(.rela.text.*)
 *(.rela.gnu.linkonce.t*)

.rel.fini
 *(.rel.fini)

.rela.fini
 *(.rela.fini)

.rel.rodata
 *(.rel.rodata)
 *(.rel.rodata.*)
 *(.rel.gnu.linkonce.r*)

.rela.rodata
 *(.rela.rodata)
 *(.rela.rodata.*)
 *(.rela.gnu.linkonce.r*)

.rel.data
 *(.rel.data)
 *(.rel.data.*)
 *(.rel.gnu.linkonce.d*)

.rela.data
 *(.rela.data)
 *(.rela.data.*)
 *(.rela.gnu.linkonce.d*)

.rel.ctors
 *(.rel.ctors)

.rela.ctors
 *(.rela.ctors)

.rel.dtors
 *(.rel.dtors)

.rela.dtors
 *(.rela.dtors)

.rel.got
 *(.rel.got)

.rela.got
 *(.rela.got)

.rel.bss
 *(.rel.bss)

.rela.bss
 *(.rela.bss)

.rel.plt
 *(.rel.plt)

.rela.plt
 *(.rela.plt)

.text           0x00000000     0x44e2
 *(.vectors)
 .vectors       0x00000000       0xe4 c:/program files (x86)/atmel/avr tools/avr toolchain/bin/../lib/gcc/avr/4.5.1/../../../../avr/lib/avr6/crtm2560.o
                0x00000000                __vector_default
                0x00000000                __vectors
 *(.vectors)
 *(.progmem.gcc*)
 *(.progmem*)
 .progmem.data  0x000000e4      0xb86 ls020/ls020.o
                0x000000e4                font6x8
                0x000006e4                font8x14
                0x00000c24                init_array_0
                0x00000c3c                init_array_1
                0x00000c6a                . = ALIGN (0x2)
                0x00000c6a                __trampolines_start = .
 *(.trampolines)
 .trampolines   0x00000c6a        0x0 linker stubs
 *(.trampolines*)
                0x00000c6a                __trampolines_end = .
 *(.jumptables)
 *(.jumptables*)
 *(.lowtext)
 *(.lowtext*)
                0x00000c6a                __ctors_start = .
 *(.ctors)
                0x00000c6a                __ctors_end = .
                0x00000c6a                __dtors_start = .
 *(.dtors)
                0x00000c6a                __dtors_end = .
 SORT(*)(.ctors)
 SORT(*)(.dtors)
 *(.init0)
 .init0         0x00000c6a        0x0 c:/program files (x86)/atmel/avr tools/avr toolchain/bin/../lib/gcc/avr/4.5.1/../../../../avr/lib/avr6/crtm2560.o
                0x00000c6a                __init
 *(.init0)
 *(.init1)
 *(.init1)
 *(.init2)
 .init2         0x00000c6a       0x10 c:/program files (x86)/atmel/avr tools/avr toolchain/bin/../lib/gcc/avr/4.5.1/../../../../avr/lib/avr6/crtm2560.o
 *(.init2)
 *(.init3)
 *(.init3)
 *(.init4)
 .init4         0x00000c7a       0x16 c:/program files (x86)/atmel/avr tools/avr toolchain/bin/../lib/gcc/avr/4.5.1/avr6\libgcc.a(_copy_data.o)
                0x00000c7a                __do_copy_data
 .init4         0x00000c90       0x10 c:/program files (x86)/atmel/avr tools/avr toolchain/bin/../lib/gcc/avr/4.5.1/avr6\libgcc.a(_clear_bss.o)
                0x00000c90                __do_clear_bss
 *(.init4)
 *(.init5)
 *(.init5)
 *(.init6)
 *(.init6)
 *(.init7)
 *(.init7)
 *(.init8)
 *(.init8)
 *(.init9)
 .init9         0x00000ca0        0x8 c:/program files (x86)/atmel/avr tools/avr toolchain/bin/../lib/gcc/avr/4.5.1/../../../../avr/lib/avr6/crtm2560.o
 *(.init9)
 *(.text)
 .text          0x00000ca8        0x4 c:/program files (x86)/atmel/avr tools/avr toolchain/bin/../lib/gcc/avr/4.5.1/../../../../avr/lib/avr6/crtm2560.o
                0x00000ca8                __vector_38
                0x00000ca8                __vector_22
                0x00000ca8                __vector_28
                0x00000ca8                __vector_1
                0x00000ca8                __vector_32
                0x00000ca8                __vector_34
                0x00000ca8                __vector_24
                0x00000ca8                __vector_12
                0x00000ca8                __vector_55
                0x00000ca8                __vector_46
                0x00000ca8                __bad_interrupt
                0x00000ca8                __vector_6
                0x00000ca8                __vector_31
                0x00000ca8                __vector_35
                0x00000ca8                __vector_39
                0x00000ca8                __vector_3
                0x00000ca8                __vector_23
                0x00000ca8                __vector_30
                0x00000ca8                __vector_45
                0x00000ca8                __vector_25
                0x00000ca8                __vector_11
                0x00000ca8                __vector_54
                0x00000ca8                __vector_13
                0x00000ca8                __vector_19
                0x00000ca8                __vector_56
                0x00000ca8                __vector_7
                0x00000ca8                __vector_49
                0x00000ca8                __vector_41
                0x00000ca8                __vector_43
                0x00000ca8                __vector_27
                0x00000ca8                __vector_5
                0x00000ca8                __vector_33
                0x00000ca8                __vector_47
                0x00000ca8                __vector_52
                0x00000ca8                __vector_37
                0x00000ca8                __vector_4
                0x00000ca8                __vector_44
                0x00000ca8                __vector_51
                0x00000ca8                __vector_9
                0x00000ca8                __vector_2
                0x00000ca8                __vector_15
                0x00000ca8                __vector_36
                0x00000ca8                __vector_40
                0x00000ca8                __vector_8
                0x00000ca8                __vector_26
                0x00000ca8                __vector_48
                0x00000ca8                __vector_14
                0x00000ca8                __vector_53
                0x00000ca8                __vector_10
                0x00000ca8                __vector_50
                0x00000ca8                __vector_16
                0x00000ca8                __vector_18
                0x00000ca8                __vector_20
                0x00000ca8                __vector_42
                0x00000cac                . = ALIGN (0x2)
 *(.text.*)
 .text.enc28j60_rxtx
                0x00000cac        0xc eth/enc28j60.o
                0x00000cac                enc28j60_rxtx
 .text.enc28j60_read_op
                0x00000cb8       0x34 eth/enc28j60.o
                0x00000cb8                enc28j60_read_op
 .text.enc28j60_write_op
                0x00000cec       0x28 eth/enc28j60.o
                0x00000cec                enc28j60_write_op
 .text.enc28j60_soft_reset
                0x00000d14       0x1c eth/enc28j60.o
                0x00000d14                enc28j60_soft_reset
 .text.enc28j60_set_bank
                0x00000d30       0x3c eth/enc28j60.o
                0x00000d30                enc28j60_set_bank
 .text.enc28j60_rcr
                0x00000d6c       0x22 eth/enc28j60.o
                0x00000d6c                enc28j60_rcr
 .text.enc28j60_wcr
                0x00000d8e       0x28 eth/enc28j60.o
                0x00000d8e                enc28j60_wcr
 .text.enc28j60_wcr16
                0x00000db6       0x3c eth/enc28j60.o
                0x00000db6                enc28j60_wcr16
 .text.enc28j60_bfc
                0x00000df2       0x28 eth/enc28j60.o
                0x00000df2                enc28j60_bfc
 .text.enc28j60_bfs
                0x00000e1a       0x28 eth/enc28j60.o
                0x00000e1a                enc28j60_bfs
 .text.enc28j60_read_buffer
                0x00000e42       0x34 eth/enc28j60.o
                0x00000e42                enc28j60_read_buffer
 .text.enc28j60_write_buffer
                0x00000e76       0x32 eth/enc28j60.o
                0x00000e76                enc28j60_write_buffer
 .text.enc28j60_write_phy
                0x00000ea8       0x28 eth/enc28j60.o
                0x00000ea8                enc28j60_write_phy
 .text.enc28j60_init
                0x00000ed0       0xda eth/enc28j60.o
                0x00000ed0                enc28j60_init
 .text.enc28j60_send_packet
                0x00000faa       0x78 eth/enc28j60.o
                0x00000faa                enc28j60_send_packet
 .text.enc28j60_recv_packet
                0x00001022       0xba eth/enc28j60.o
                0x00001022                enc28j60_recv_packet
 .text.udp_filter
                0x000010dc       0x1c eth/lan.o
                0x000010dc                udp_filter
 .text.ip_cksum
                0x000010f8       0x82 eth/lan.o
                0x000010f8                ip_cksum
 .text.arp_search_cache
                0x0000117a       0x7e eth/lan.o
                0x0000117a                arp_search_cache
 .text.eth_send
                0x000011f8       0x1c eth/lan.o
                0x000011f8                eth_send
 .text.arp_resolve
                0x00001214       0xc8 eth/lan.o
                0x00001214                arp_resolve
 .text.ip_send  0x000012dc      0x104 eth/lan.o
                0x000012dc                ip_send
 .text.udp_send
                0x000013e0       0x80 eth/lan.o
                0x000013e0                udp_send
 .text.eth_reply
                0x00001460       0x2c eth/lan.o
                0x00001460                eth_reply
 .text.arp_filter
                0x0000148c      0x162 eth/lan.o
                0x0000148c                arp_filter
 .text.ip_reply
                0x000015ee       0x82 eth/lan.o
                0x000015ee                ip_reply
 .text.icmp_filter
                0x00001670       0x2c eth/lan.o
                0x00001670                icmp_filter
 .text.ip_filter
                0x0000169c       0x64 eth/lan.o
                0x0000169c                ip_filter
 .text.eth_filter
                0x00001700       0x2e eth/lan.o
                0x00001700                eth_filter
 .text.lan_init
                0x0000172e        0xa eth/lan.o
                0x0000172e                lan_init
 .text.lan_poll
                0x00001738       0x1e eth/lan.o
                0x00001738                lan_poll
 .text.ntp_request
                0x00001756       0x4a eth/ntp.o
                0x00001756                ntp_request
 .text.ntp_parse_reply
                0x000017a0       0x96 eth/ntp.o
                0x000017a0                ntp_parse_reply
 .text.prvResetNextTaskUnblockTime
                0x00001836       0x36 freertos/Source/tasks.o
 .text.xTaskIncrementTick
                0x0000186c      0x194 freertos/Source/tasks.o
                0x0000186c                xTaskIncrementTick
 .text.vTaskSwitchContext
                0x00001a00       0xaa freertos/Source/tasks.o
                0x00001a00                vTaskSwitchContext
 .text.vPortYieldFromTick
                0x00001aaa       0xca freertos/Source/portable/GCC/ATMega323/port.o
                0x00001aaa                vPortYieldFromTick
 .text.__vector_17
                0x00001b74        0x6 freertos/Source/portable/GCC/ATMega323/port.o
                0x00001b74                __vector_17
 .text.vListInsertEnd
                0x00001b7a       0x46 freertos/Source/list.o
                0x00001b7a                vListInsertEnd
 .text.uxListRemove
                0x00001bc0       0x46 freertos/Source/list.o
                0x00001bc0                uxListRemove
 .text.InitADCEx
                0x00001c06        0x6 adc/adc_ex.o
                0x00001c06                InitADCEx
 .text.ReadADCEx
                0x00001c0c       0x40 adc/adc_ex.o
                0x00001c0c                ReadADCEx
 .text.InitUART0
                0x00001c4c      0x1be uart/uart.o
                0x00001c4c                InitUART0
 .text.InitUART1
                0x00001e0a      0x1be uart/uart.o
                0x00001e0a                InitUART1
 .text.InitUART2
                0x00001fc8      0x1be uart/uart.o
                0x00001fc8                InitUART2
 .text.InitUART3
                0x00002186      0x1be uart/uart.o
                0x00002186                InitUART3
 .text.SendToUart0
                0x00002344        0xe uart/uart.o
                0x00002344                SendToUart0
 .text.SendToUart1
                0x00002352        0xe uart/uart.o
                0x00002352                SendToUart1
 .text.SendToUart2
                0x00002360        0xe uart/uart.o
                0x00002360                SendToUart2
 .text.SendToUart3
                0x0000236e        0xe uart/uart.o
                0x0000236e                SendToUart3
 .text.transmitStringToUart
                0x0000237c       0xa2 uart/uart.o
                0x0000237c                transmitStringToUart
 .text.vHd44780NibbleWrite
                0x0000241e       0x2a lcd/hd44780.o
                0x0000241e                vHd44780NibbleWrite
 .text.ucHd44780NibbleRead
                0x00002448       0x1e lcd/hd44780.o
                0x00002448                ucHd44780NibbleRead
 .text.ucHd44780BusyRead
                0x00002466       0x2a lcd/hd44780.o
                0x00002466                ucHd44780BusyRead
 .text.vHd44780Cmd
                0x00002490       0x20 lcd/hd44780.o
                0x00002490                vHd44780Cmd
 .text.vHd44780DataWrite
                0x000024b0       0x24 lcd/hd44780.o
                0x000024b0                vHd44780DataWrite
 .text.vHd44780Init
                0x000024d4       0x44 lcd/hd44780.o
                0x000024d4                vHd44780Init
 .text.vHd44780PutString
                0x00002518       0x28 lcd/hd44780.o
                0x00002518                vHd44780PutString
 .text.vLcdBusyLoop
                0x00002540       0x58 lcd/lcd.o
                0x00002540                vLcdBusyLoop
 .text.vLcdByte
                0x00002598       0x5a lcd/lcd.o
                0x00002598                vLcdByte
 .text.vLcdInit
                0x000025f2       0x6a lcd/lcd.o
                0x000025f2                vLcdInit
 .text.vLcdGotoXY
                0x0000265c       0x12 lcd/lcd.o
                0x0000265c                vLcdGotoXY
 .text.I2CInit  0x0000266e       0x18 i2c/i2c.o
                0x0000266e                I2CInit
 .text.SPIInit  0x00002686       0x14 spi/spi.o
                0x00002686                SPIInit
 .text.SPIWrite
                0x0000269a        0xc spi/spi.o
                0x0000269a                SPIWrite
 .text.SPIPINON
                0x000026a6        0xa ls020/spiLS020.o
                0x000026a6                SPIPINON
 .text.SPION    0x000026b0        0x8 ls020/spiLS020.o
                0x000026b0                SPION
 .text.SlaveSPISelectOFF
                0x000026b8        0x4 ls020/spiLS020.o
                0x000026b8                SlaveSPISelectOFF
 .text.InitSPI  0x000026bc      0x11e ls020/spiLS020.o
                0x000026bc                InitSPI
 .text.vLs020WriteCmd8
                0x000027da       0x10 ls020/ls020.o
                0x000027da                vLs020WriteCmd8
 .text.vLs020WriteCmd16
                0x000027ea       0x14 ls020/ls020.o
                0x000027ea                vLs020WriteCmd16
 .text.vLs020Mode8bit.clone.0
                0x000027fe       0x12 ls020/ls020.o
 .text.vLs020WriteData8
                0x00002810       0x10 ls020/ls020.o
                0x00002810                vLs020WriteData8
 .text.vLs020WriteData16
                0x00002820       0x14 ls020/ls020.o
                0x00002820                vLs020WriteData16
 .text.vLs020Init
                0x00002834       0x62 ls020/ls020.o
                0x00002834                vLs020Init
 .text.vLs020Mode8bit
                0x00002896       0x2a ls020/ls020.o
                0x00002896                vLs020Mode8bit
 .text.vLs020Mode16bit
                0x000028c0       0x12 ls020/ls020.o
                0x000028c0                vLs020Mode16bit
 .text.vLs020SetDirection
                0x000028d2       0x24 ls020/ls020.o
                0x000028d2                vLs020SetDirection
 .text.vLs020SetWindow
                0x000028f6       0x62 ls020/ls020.o
                0x000028f6                vLs020SetWindow
 .text.vLs020LineVertical
                0x00002958       0x9e ls020/ls020.o
                0x00002958                vLs020LineVertical
 .text.vLs020LineHorizontal
                0x000029f6       0xa0 ls020/ls020.o
                0x000029f6                vLs020LineHorizontal
 .text.vLs020DrawSquare
                0x00002a96       0x60 ls020/ls020.o
                0x00002a96                vLs020DrawSquare
 .text.vLs020Rotation
                0x00002af6      0x1e6 ls020/ls020.o
                0x00002af6                vLs020Rotation
 .text.vLs020ZeroRotation
                0x00002cdc       0x32 ls020/ls020.o
                0x00002cdc                vLs020ZeroRotation
 .text.vLs020Rotation_2
                0x00002d0e      0x1e6 ls020/ls020.o
                0x00002d0e                vLs020Rotation_2
 .text.vLs020PutChar8x14
                0x00002ef4       0xf2 ls020/ls020.o
                0x00002ef4                vLs020PutChar8x14
 .text.vLs020PutChar6x8
                0x00002fe6       0xec ls020/ls020.o
                0x00002fe6                vLs020PutChar6x8
 .text.vLs020PutString6x8
                0x000030d2      0x1bc ls020/ls020.o
                0x000030d2                vLs020PutString6x8
 .text.vLs020PutString8x14
                0x0000328e      0x1bc ls020/ls020.o
                0x0000328e                vLs020PutString8x14
 .text.vLs020Rectangle
                0x0000344a       0x7c ls020/ls020.o
                0x0000344a                vLs020Rectangle
 .text.vLs020StatusBar
                0x000034c6      0x2a8 ls020/ls020.o
                0x000034c6                vLs020StatusBar
 .text.__vector_21
                0x0000376e       0x80 main.o
                0x0000376e                __vector_21
 .text.__vector_29
                0x000037ee       0x20 main.o
                0x000037ee                __vector_29
 .text.udp_packet
                0x0000380e       0x70 main.o
                0x0000380e                udp_packet
 .text.InitHardware
                0x0000387e      0x1ec main.o
                0x0000387e                InitHardware
 .text.main     0x00003a6a      0x39c main.o
                0x00003a6a                main
 .text.libgcc   0x00003e06       0x18 c:/program files (x86)/atmel/avr tools/avr toolchain/bin/../lib/gcc/avr/4.5.1/avr6\libgcc.a(_udivmodqi4.o)
                0x00003e06                __udivmodqi4
 .text.libgcc   0x00003e1e       0x28 c:/program files (x86)/atmel/avr tools/avr toolchain/bin/../lib/gcc/avr/4.5.1/avr6\libgcc.a(_udivmodhi4.o)
                0x00003e1e                __udivmodhi4
 .text.libgcc   0x00003e46       0x26 c:/program files (x86)/atmel/avr tools/avr toolchain/bin/../lib/gcc/avr/4.5.1/avr6\libgcc.a(_divmodhi4.o)
                0x00003e46                _div
                0x00003e46                __divmodhi4
 .text.libgcc   0x00003e6c       0x44 c:/program files (x86)/atmel/avr tools/avr toolchain/bin/../lib/gcc/avr/4.5.1/avr6\libgcc.a(_udivmodsi4.o)
                0x00003e6c                __udivmodsi4
 .text.avr-libc
                0x00003eb0        0xe c:/program files (x86)/atmel/avr tools/avr toolchain/bin/../lib/gcc/avr/4.5.1/../../../../avr/lib/avr6\libc.a(memset.o)
                0x00003eb0                memset
 .text.avr-libc
                0x00003ebe       0x42 c:/program files (x86)/atmel/avr tools/avr toolchain/bin/../lib/gcc/avr/4.5.1/../../../../avr/lib/avr6\libc.a(itoa.o)
                0x00003ebe                itoa
 .text.avr-libc
                0x00003f00       0x60 c:/program files (x86)/atmel/avr tools/avr toolchain/bin/../lib/gcc/avr/4.5.1/../../../../avr/lib/avr6\libc.a(sprintf.o)
                0x00003f00                sprintf
 .text.avr-libc
                0x00003f60      0x420 c:/program files (x86)/atmel/avr tools/avr toolchain/bin/../lib/gcc/avr/4.5.1/../../../../avr/lib/avr6\libc.a(vfprintf_std.o)
                0x00003f60                vfprintf
 .text.avr-libc
                0x00004380       0x16 c:/program files (x86)/atmel/avr tools/avr toolchain/bin/../lib/gcc/avr/4.5.1/../../../../avr/lib/avr6\libc.a(strnlen_P.o)
                0x00004380                strnlen_P
 .text.avr-libc
                0x00004396       0x16 c:/program files (x86)/atmel/avr tools/avr toolchain/bin/../lib/gcc/avr/4.5.1/../../../../avr/lib/avr6\libc.a(strnlen.o)
                0x00004396                strnlen
 .text.avr-libc
                0x000043ac       0x20 c:/program files (x86)/atmel/avr tools/avr toolchain/bin/../lib/gcc/avr/4.5.1/../../../../avr/lib/avr6\libc.a(strrev.o)
                0x000043ac                strrev
 .text.avr-libc
                0x000043cc       0x58 c:/program files (x86)/atmel/avr tools/avr toolchain/bin/../lib/gcc/avr/4.5.1/../../../../avr/lib/avr6\libc.a(fputc.o)
                0x000043cc                fputc
 .text.avr-libc
                0x00004424       0xbc c:/program files (x86)/atmel/avr tools/avr toolchain/bin/../lib/gcc/avr/4.5.1/../../../../avr/lib/avr6\libc.a(ultoa_invert.o)
                0x00004424                __ultoa_invert
                0x000044e0                . = ALIGN (0x2)
 *(.fini9)
 .fini9         0x000044e0        0x0 c:/program files (x86)/atmel/avr tools/avr toolchain/bin/../lib/gcc/avr/4.5.1/avr6\libgcc.a(_exit.o)
                0x000044e0                _exit
                0x000044e0                exit
 *(.fini9)
 *(.fini8)
 *(.fini8)
 *(.fini7)
 *(.fini7)
 *(.fini6)
 *(.fini6)
 *(.fini5)
 *(.fini5)
 *(.fini4)
 *(.fini4)
 *(.fini3)
 *(.fini3)
 *(.fini2)
 *(.fini2)
 *(.fini1)
 *(.fini1)
 *(.fini0)
 .fini0         0x000044e0        0x2 c:/program files (x86)/atmel/avr tools/avr toolchain/bin/../lib/gcc/avr/4.5.1/avr6\libgcc.a(_exit.o)
 *(.fini0)
                0x000044e2                _etext = .

.data           0x00800200       0xf0 load address 0x000044e2
                0x00800200                PROVIDE (__data_start, .)
 *(.data)
 .data          0x00800200        0x2 eth/enc28j60.o
 .data          0x00800202        0x4 ls020/ls020.o
 .data          0x00800206       0xd6 main.o
 *(.data*)
 .data.mac_addr
                0x008002dc        0x6 eth/lan.o
                0x008002dc                mac_addr
 .data.ip_addr  0x008002e2        0x4 eth/lan.o
                0x008002e2                ip_addr
 .data.ip_mask  0x008002e6        0x4 eth/lan.o
                0x008002e6                ip_mask
 .data.ip_gateway
                0x008002ea        0x4 eth/lan.o
                0x008002ea                ip_gateway
 .data.xNextTaskUnblockTime
                0x008002ee        0x2 freertos/Source/tasks.o
 *(.rodata)
 *(.rodata*)
 *(.gnu.linkonce.d*)
                0x008002f0                . = ALIGN (0x2)
                0x008002f0                _edata = .
                0x008002f0                PROVIDE (__data_end, .)

.bss            0x008002f0      0x3a6
                0x008002f0                PROVIDE (__bss_start, .)
 *(.bss)
 *(.bss*)
 .bss.enc28j60_current_bank
                0x008002f0        0x1 eth/enc28j60.o
                0x008002f0                enc28j60_current_bank
 .bss.enc28j60_rxrdpt
                0x008002f1        0x2 eth/enc28j60.o
                0x008002f1                enc28j60_rxrdpt
 .bss.pxCurrentTCB
                0x008002f3        0x2 freertos/Source/tasks.o
                0x008002f3                pxCurrentTCB
 .bss.xYieldPending
                0x008002f5        0x1 freertos/Source/tasks.o
 .bss.xTickCount
                0x008002f6        0x2 freertos/Source/tasks.o
 .bss.xNumOfOverflows
                0x008002f8        0x1 freertos/Source/tasks.o
 .bss.uxSchedulerSuspended
                0x008002f9        0x1 freertos/Source/tasks.o
 .bss.uxTopReadyPriority
                0x008002fa        0x1 freertos/Source/tasks.o
 .bss.pxReadyTasksLists
                0x008002fb       0x24 freertos/Source/tasks.o
 .bss.pxOverflowDelayedTaskList
                0x0080031f        0x2 freertos/Source/tasks.o
 .bss.pxDelayedTaskList
                0x00800321        0x2 freertos/Source/tasks.o
 .bss.uxPendedTicks
                0x00800323        0x1 freertos/Source/tasks.o
 .bss.display_next_update
                0x00800324        0x4 main.o
                0x00800324                display_next_update
 .bss.second_count
                0x00800328        0x4 main.o
 .bss.ntp_next_update
                0x0080032c        0x4 main.o
 .bss.time_offset
                0x00800330        0x4 main.o
 .bss.ms_count  0x00800334        0x2 main.o
 *(COMMON)
 COMMON         0x00800336      0x21f eth/lan.o
                0x00800336                arp_cache_wr
                0x00800337                net_buf
                0x00800537                arp_cache
 COMMON         0x00800555      0x141 main.o
                0x00800555                month
                0x00800556                var1
                0x0080061e                temp
                0x0080061f                second
                0x00800620                ADC_Hlobal
                0x00800621                minute
                0x00800622                buf2
                0x00800627                hour
                0x00800628                loctime
                0x0080062c                year
                0x0080062e                s
                0x0080062f                h
                0x00800630                buf
                0x00800694                date
                0x00800695                m
                0x00800696                PROVIDE (__bss_end, .)
                0x000044e2                __data_load_start = LOADADDR (.data)
                0x000045d2                __data_load_end = (__data_load_start + SIZEOF (.data))

.noinit         0x00800696        0x0
                0x00800696                PROVIDE (__noinit_start, .)
 *(.noinit*)
                0x00800696                PROVIDE (__noinit_end, .)
                0x00800696                _end = .
                0x00800696                PROVIDE (__heap_start, .)

.eeprom         0x00810000        0x0
 *(.eeprom*)
                0x00810000                __eeprom_end = .

.fuse
 *(.fuse)
 *(.lfuse)
 *(.hfuse)
 *(.efuse)

.lock
 *(.lock*)

.signature
 *(.signature*)

.stab           0x00000000     0x1014
 *(.stab)
 .stab          0x00000000      0x6e4 c:/program files (x86)/atmel/avr tools/avr toolchain/bin/../lib/gcc/avr/4.5.1/../../../../avr/lib/avr6/crtm2560.o
 .stab          0x000006e4       0x84 c:/program files (x86)/atmel/avr tools/avr toolchain/bin/../lib/gcc/avr/4.5.1/../../../../avr/lib/avr6\libc.a(memcpy.o)
                                 0x90 (size before relaxing)
 .stab          0x00000768       0x6c c:/program files (x86)/atmel/avr tools/avr toolchain/bin/../lib/gcc/avr/4.5.1/../../../../avr/lib/avr6\libc.a(memset.o)
                                 0x78 (size before relaxing)
 .stab          0x000007d4      0x1b0 c:/program files (x86)/atmel/avr tools/avr toolchain/bin/../lib/gcc/avr/4.5.1/../../../../avr/lib/avr6\libc.a(itoa.o)
                                0x1bc (size before relaxing)
 .stab          0x00000984       0x9c c:/program files (x86)/atmel/avr tools/avr toolchain/bin/../lib/gcc/avr/4.5.1/../../../../avr/lib/avr6\libc.a(strnlen_P.o)
                                 0xa8 (size before relaxing)
 .stab          0x00000a20       0x9c c:/program files (x86)/atmel/avr tools/avr toolchain/bin/../lib/gcc/avr/4.5.1/../../../../avr/lib/avr6\libc.a(strnlen.o)
                                 0xa8 (size before relaxing)
 .stab          0x00000abc       0xd8 c:/program files (x86)/atmel/avr tools/avr toolchain/bin/../lib/gcc/avr/4.5.1/../../../../avr/lib/avr6\libc.a(strrev.o)
                                 0xe4 (size before relaxing)
 .stab          0x00000b94      0x480 c:/program files (x86)/atmel/avr tools/avr toolchain/bin/../lib/gcc/avr/4.5.1/../../../../avr/lib/avr6\libc.a(ultoa_invert.o)
                                0x48c (size before relaxing)

.stabstr        0x00000000      0x342
 *(.stabstr)
 .stabstr       0x00000000      0x342 c:/program files (x86)/atmel/avr tools/avr toolchain/bin/../lib/gcc/avr/4.5.1/../../../../avr/lib/avr6/crtm2560.o

.stab.excl
 *(.stab.excl)

.stab.exclstr
 *(.stab.exclstr)

.stab.index
 *(.stab.index)

.stab.indexstr
 *(.stab.indexstr)

.comment
 *(.comment)

.debug
 *(.debug)

.line
 *(.line)

.debug_srcinfo
 *(.debug_srcinfo)

.debug_sfnames
 *(.debug_sfnames)

.debug_aranges  0x00000000      0xd10
 *(.debug_aranges)
 .debug_aranges
                0x00000000       0x20 ff/ccsbcs.o
 .debug_aranges
                0x00000020       0x88 ff/diskio.o
 .debug_aranges
                0x000000a8      0x178 ff/ff.o
 .debug_aranges
                0x00000220       0x48 ff/UART_routines.o
 .debug_aranges
                0x00000268       0xa8 eth/enc28j60.o
 .debug_aranges
                0x00000310       0x98 eth/lan.o
 .debug_aranges
                0x000003a8       0x28 eth/ntp.o
 .debug_aranges
                0x000003d0       0xd8 freertos/Source/tasks.o
 .debug_aranges
                0x000004a8       0x50 freertos/Source/portable/GCC/ATMega323/port.o
 .debug_aranges
                0x000004f8       0x38 freertos/Source/portable/MemMang/heap_2.o
 .debug_aranges
                0x00000530       0x40 freertos/Source/list.o
 .debug_aranges
                0x00000570       0x38 freertos/Source/croutine.o
 .debug_aranges
                0x000005a8       0xb8 freertos/Source/queue.o
 .debug_aranges
                0x00000660       0x50 adc/adc.o
 .debug_aranges
                0x000006b0       0x28 adc/adc_ex.o
 .debug_aranges
                0x000006d8      0x110 uart/at_command.o
 .debug_aranges
                0x000007e8       0x68 uart/uart.o
 .debug_aranges
                0x00000850       0x58 one-wire/ds18x20.o
 .debug_aranges
                0x000008a8       0x78 one-wire/onewire.o
 .debug_aranges
                0x00000920       0x58 lcd/hd44780.o
 .debug_aranges
                0x00000978       0x58 lcd/lcd.o
 .debug_aranges
                0x000009d0       0x40 i2c/i2c.o
 .debug_aranges
                0x00000a10       0x58 i2c/ds1307.o
 .debug_aranges
                0x00000a68       0x30 spi/spi.o
 .debug_aranges
                0x00000a98       0x78 ls020/spiLS020.o
 .debug_aranges
                0x00000b10      0x100 ls020/ls020.o
 .debug_aranges
                0x00000c10       0x50 main.o
 .debug_aranges
                0x00000c60       0x30 Main_RTOS.o
 .debug_aranges
                0x00000c90       0x20 c:/program files (x86)/atmel/avr tools/avr toolchain/bin/../lib/gcc/avr/4.5.1/../../../../avr/lib/avr6\libc.a(printf.o)
 .debug_aranges
                0x00000cb0       0x20 c:/program files (x86)/atmel/avr tools/avr toolchain/bin/../lib/gcc/avr/4.5.1/../../../../avr/lib/avr6\libc.a(sprintf.o)
 .debug_aranges
                0x00000cd0       0x20 c:/program files (x86)/atmel/avr tools/avr toolchain/bin/../lib/gcc/avr/4.5.1/../../../../avr/lib/avr6\libc.a(vfprintf_std.o)
 .debug_aranges
                0x00000cf0       0x20 c:/program files (x86)/atmel/avr tools/avr toolchain/bin/../lib/gcc/avr/4.5.1/../../../../avr/lib/avr6\libc.a(fputc.o)

.debug_pubnames
                0x00000000     0x1a54
 *(.debug_pubnames)
 .debug_pubnames
                0x00000000       0x21 ff/ccsbcs.o
 .debug_pubnames
                0x00000021       0x75 ff/diskio.o
 .debug_pubnames
                0x00000096      0x123 ff/ff.o
 .debug_pubnames
                0x000001b9       0x7a ff/UART_routines.o
 .debug_pubnames
                0x00000233      0x1b9 eth/enc28j60.o
 .debug_pubnames
                0x000003ec      0x157 eth/lan.o
 .debug_pubnames
                0x00000543       0x36 eth/ntp.o
 .debug_pubnames
                0x00000579      0x223 freertos/Source/tasks.o
 .debug_pubnames
                0x0000079c       0xc2 freertos/Source/portable/GCC/ATMega323/port.o
 .debug_pubnames
                0x0000085e       0x64 freertos/Source/portable/MemMang/heap_2.o
 .debug_pubnames
                0x000008c2       0x72 freertos/Source/list.o
 .debug_pubnames
                0x00000934       0x96 freertos/Source/croutine.o
 .debug_pubnames
                0x000009ca      0x1b8 freertos/Source/queue.o
 .debug_pubnames
                0x00000b82       0x8d adc/adc.o
 .debug_pubnames
                0x00000c0f       0x2e adc/adc_ex.o
 .debug_pubnames
                0x00000c3d      0x336 uart/at_command.o
 .debug_pubnames
                0x00000f73       0xb6 uart/uart.o
 .debug_pubnames
                0x00001029       0xe2 one-wire/ds18x20.o
 .debug_pubnames
                0x0000110b       0xc8 one-wire/onewire.o
 .debug_pubnames
                0x000011d3       0xbc lcd/hd44780.o
 .debug_pubnames
                0x0000128f       0x95 lcd/lcd.o
 .debug_pubnames
                0x00001324       0x61 i2c/i2c.o
 .debug_pubnames
                0x00001385       0xbd i2c/ds1307.o
 .debug_pubnames
                0x00001442       0x38 spi/spi.o
 .debug_pubnames
                0x0000147a       0xdc ls020/spiLS020.o
 .debug_pubnames
                0x00001556      0x2b7 ls020/ls020.o
 .debug_pubnames
                0x0000180d      0x17e main.o
 .debug_pubnames
                0x0000198b       0x37 Main_RTOS.o
 .debug_pubnames
                0x000019c2       0x1d c:/program files (x86)/atmel/avr tools/avr toolchain/bin/../lib/gcc/avr/4.5.1/../../../../avr/lib/avr6\libc.a(printf.o)
 .debug_pubnames
                0x000019df       0x1e c:/program files (x86)/atmel/avr tools/avr toolchain/bin/../lib/gcc/avr/4.5.1/../../../../avr/lib/avr6\libc.a(sprintf.o)
 .debug_pubnames
                0x000019fd       0x1f c:/program files (x86)/atmel/avr tools/avr toolchain/bin/../lib/gcc/avr/4.5.1/../../../../avr/lib/avr6\libc.a(vfprintf_std.o)
 .debug_pubnames
                0x00001a1c       0x1c c:/program files (x86)/atmel/avr tools/avr toolchain/bin/../lib/gcc/avr/4.5.1/../../../../avr/lib/avr6\libc.a(fputc.o)
 .debug_pubnames
                0x00001a38       0x1c c:/program files (x86)/atmel/avr tools/avr toolchain/bin/../lib/gcc/avr/4.5.1/../../../../avr/lib/avr6\libc.a(iob.o)

.debug_info     0x00000000     0xb9d0
 *(.debug_info)
 .debug_info    0x00000000      0x10a ff/ccsbcs.o
 .debug_info    0x0000010a      0x86e ff/diskio.o
 .debug_info    0x00000978     0x1f22 ff/ff.o
 .debug_info    0x0000289a      0x22d ff/UART_routines.o
 .debug_info    0x00002ac7      0x574 eth/enc28j60.o
 .debug_info    0x0000303b      0x927 eth/lan.o
 .debug_info    0x00003962      0x3f5 eth/ntp.o
 .debug_info    0x00003d57      0xd4c freertos/Source/tasks.o
 .debug_info    0x00004aa3      0x244 freertos/Source/portable/GCC/ATMega323/port.o
 .debug_info    0x00004ce7      0x2dd freertos/Source/portable/MemMang/heap_2.o
 .debug_info    0x00004fc4      0x2b4 freertos/Source/list.o
 .debug_info    0x00005278      0x52b freertos/Source/croutine.o
 .debug_info    0x000057a3      0xb2a freertos/Source/queue.o
 .debug_info    0x000062cd       0x65 freertos/Source/timers.o
 .debug_info    0x00006332      0x166 adc/adc.o
 .debug_info    0x00006498       0xe1 adc/adc_ex.o
 .debug_info    0x00006579      0xcb7 uart/at_command.o
 .debug_info    0x00007230      0x374 uart/uart.o
 .debug_info    0x000075a4      0x432 one-wire/ds18x20.o
 .debug_info    0x000079d6      0x58f one-wire/onewire.o
 .debug_info    0x00007f65      0x390 lcd/hd44780.o
 .debug_info    0x000082f5      0x83f lcd/lcd.o
 .debug_info    0x00008b34      0x142 i2c/i2c.o
 .debug_info    0x00008c76      0x4b0 i2c/ds1307.o
 .debug_info    0x00009126       0xbe spi/spi.o
 .debug_info    0x000091e4        0x0 ls020/main_LS020.o
 .debug_info    0x000091e4      0x1dd ls020/spiLS020.o
 .debug_info    0x000093c1        0x0 ls020/main_LS020_2.o
 .debug_info    0x000093c1     0x10ba ls020/ls020.o
 .debug_info    0x0000a47b      0xaf1 main.o
 .debug_info    0x0000af6c        0x0 Main_ALL.o
 .debug_info    0x0000af6c        0x0 Main_LAN.o
 .debug_info    0x0000af6c       0xe1 Main_RTOS.o
 .debug_info    0x0000b04d      0x1c6 c:/program files (x86)/atmel/avr tools/avr toolchain/bin/../lib/gcc/avr/4.5.1/../../../../avr/lib/avr6\libc.a(printf.o)
 .debug_info    0x0000b213      0x1b7 c:/program files (x86)/atmel/avr tools/avr toolchain/bin/../lib/gcc/avr/4.5.1/../../../../avr/lib/avr6\libc.a(sprintf.o)
 .debug_info    0x0000b3ca      0x350 c:/program files (x86)/atmel/avr tools/avr toolchain/bin/../lib/gcc/avr/4.5.1/../../../../avr/lib/avr6\libc.a(vfprintf_std.o)
 .debug_info    0x0000b71a      0x167 c:/program files (x86)/atmel/avr tools/avr toolchain/bin/../lib/gcc/avr/4.5.1/../../../../avr/lib/avr6\libc.a(fputc.o)
 .debug_info    0x0000b881      0x14f c:/program files (x86)/atmel/avr tools/avr toolchain/bin/../lib/gcc/avr/4.5.1/../../../../avr/lib/avr6\libc.a(iob.o)
 *(.gnu.linkonce.wi.*)

.debug_abbrev   0x00000000     0x2fd0
 *(.debug_abbrev)
 .debug_abbrev  0x00000000       0xbd ff/ccsbcs.o
 .debug_abbrev  0x000000bd      0x2e7 ff/diskio.o
 .debug_abbrev  0x000003a4      0x317 ff/ff.o
 .debug_abbrev  0x000006bb      0x105 ff/UART_routines.o
 .debug_abbrev  0x000007c0      0x19b eth/enc28j60.o
 .debug_abbrev  0x0000095b      0x1c7 eth/lan.o
 .debug_abbrev  0x00000b22      0x107 eth/ntp.o
 .debug_abbrev  0x00000c29      0x252 freertos/Source/tasks.o
 .debug_abbrev  0x00000e7b      0x124 freertos/Source/portable/GCC/ATMega323/port.o
 .debug_abbrev  0x00000f9f      0x175 freertos/Source/portable/MemMang/heap_2.o
 .debug_abbrev  0x00001114       0xd8 freertos/Source/list.o
 .debug_abbrev  0x000011ec      0x1d0 freertos/Source/croutine.o
 .debug_abbrev  0x000013bc      0x1d0 freertos/Source/queue.o
 .debug_abbrev  0x0000158c       0x2a freertos/Source/timers.o
 .debug_abbrev  0x000015b6       0x74 adc/adc.o
 .debug_abbrev  0x0000162a       0x81 adc/adc_ex.o
 .debug_abbrev  0x000016ab      0x28c uart/at_command.o
 .debug_abbrev  0x00001937       0xd4 uart/uart.o
 .debug_abbrev  0x00001a0b      0x1dd one-wire/ds18x20.o
 .debug_abbrev  0x00001be8      0x236 one-wire/onewire.o
 .debug_abbrev  0x00001e1e      0x179 lcd/hd44780.o
 .debug_abbrev  0x00001f97      0x1d3 lcd/lcd.o
 .debug_abbrev  0x0000216a       0xb1 i2c/i2c.o
 .debug_abbrev  0x0000221b      0x175 i2c/ds1307.o
 .debug_abbrev  0x00002390       0x72 spi/spi.o
 .debug_abbrev  0x00002402        0x1 ls020/main_LS020.o
 .debug_abbrev  0x00002403       0x8b ls020/spiLS020.o
 .debug_abbrev  0x0000248e        0x1 ls020/main_LS020_2.o
 .debug_abbrev  0x0000248f      0x29f ls020/ls020.o
 .debug_abbrev  0x0000272e      0x30d main.o
 .debug_abbrev  0x00002a3b        0x1 Main_ALL.o
 .debug_abbrev  0x00002a3c        0x1 Main_LAN.o
 .debug_abbrev  0x00002a3d       0x7d Main_RTOS.o
 .debug_abbrev  0x00002aba      0x11c c:/program files (x86)/atmel/avr tools/avr toolchain/bin/../lib/gcc/avr/4.5.1/../../../../avr/lib/avr6\libc.a(printf.o)
 .debug_abbrev  0x00002bd6       0xfd c:/program files (x86)/atmel/avr tools/avr toolchain/bin/../lib/gcc/avr/4.5.1/../../../../avr/lib/avr6\libc.a(sprintf.o)
 .debug_abbrev  0x00002cd3      0x15f c:/program files (x86)/atmel/avr tools/avr toolchain/bin/../lib/gcc/avr/4.5.1/../../../../avr/lib/avr6\libc.a(vfprintf_std.o)
 .debug_abbrev  0x00002e32       0xd9 c:/program files (x86)/atmel/avr tools/avr toolchain/bin/../lib/gcc/avr/4.5.1/../../../../avr/lib/avr6\libc.a(fputc.o)
 .debug_abbrev  0x00002f0b       0xc5 c:/program files (x86)/atmel/avr tools/avr toolchain/bin/../lib/gcc/avr/4.5.1/../../../../avr/lib/avr6\libc.a(iob.o)

.debug_line     0x00000000     0xc210
 *(.debug_line)
 .debug_line    0x00000000       0xd4 ff/ccsbcs.o
 .debug_line    0x000000d4      0xaf7 ff/diskio.o
 .debug_line    0x00000bcb     0x2a70 ff/ff.o
 .debug_line    0x0000363b      0x255 ff/UART_routines.o
 .debug_line    0x00003890      0x6a0 eth/enc28j60.o
 .debug_line    0x00003f30      0x6c2 eth/lan.o
 .debug_line    0x000045f2      0x166 eth/ntp.o
 .debug_line    0x00004758      0xbf3 freertos/Source/tasks.o
 .debug_line    0x0000534b      0x424 freertos/Source/portable/GCC/ATMega323/port.o
 .debug_line    0x0000576f      0x322 freertos/Source/portable/MemMang/heap_2.o
 .debug_line    0x00005a91      0x2a5 freertos/Source/list.o
 .debug_line    0x00005d36      0x3e7 freertos/Source/croutine.o
 .debug_line    0x0000611d      0xc42 freertos/Source/queue.o
 .debug_line    0x00006d5f       0x3e freertos/Source/timers.o
 .debug_line    0x00006d9d      0x36e adc/adc.o
 .debug_line    0x0000710b      0x147 adc/adc_ex.o
 .debug_line    0x00007252      0x894 uart/at_command.o
 .debug_line    0x00007ae6      0x596 uart/uart.o
 .debug_line    0x0000807c      0x4c6 one-wire/ds18x20.o
 .debug_line    0x00008542      0x4ff one-wire/onewire.o
 .debug_line    0x00008a41      0x3b2 lcd/hd44780.o
 .debug_line    0x00008df3      0x549 lcd/lcd.o
 .debug_line    0x0000933c      0x202 i2c/i2c.o
 .debug_line    0x0000953e      0x446 i2c/ds1307.o
 .debug_line    0x00009984      0x15e spi/spi.o
 .debug_line    0x00009ae2       0x24 ls020/main_LS020.o
 .debug_line    0x00009b06      0x34f ls020/spiLS020.o
 .debug_line    0x00009e55       0x24 ls020/main_LS020_2.o
 .debug_line    0x00009e79     0x1084 ls020/ls020.o
 .debug_line    0x0000aefd      0x5d5 main.o
 .debug_line    0x0000b4d2       0x24 Main_ALL.o
 .debug_line    0x0000b4f6       0x24 Main_LAN.o
 .debug_line    0x0000b51a      0x142 Main_RTOS.o
 .debug_line    0x0000b65c      0x186 c:/program files (x86)/atmel/avr tools/avr toolchain/bin/../lib/gcc/avr/4.5.1/../../../../avr/lib/avr6\libc.a(printf.o)
 .debug_line    0x0000b7e2      0x1af c:/program files (x86)/atmel/avr tools/avr toolchain/bin/../lib/gcc/avr/4.5.1/../../../../avr/lib/avr6\libc.a(sprintf.o)
 .debug_line    0x0000b991      0x64d c:/program files (x86)/atmel/avr tools/avr toolchain/bin/../lib/gcc/avr/4.5.1/../../../../avr/lib/avr6\libc.a(vfprintf_std.o)
 .debug_line    0x0000bfde      0x147 c:/program files (x86)/atmel/avr tools/avr toolchain/bin/../lib/gcc/avr/4.5.1/../../../../avr/lib/avr6\libc.a(fputc.o)
 .debug_line    0x0000c125       0xeb c:/program files (x86)/atmel/avr tools/avr toolchain/bin/../lib/gcc/avr/4.5.1/../../../../avr/lib/avr6\libc.a(iob.o)

.debug_frame    0x00000000     0x1620
 *(.debug_frame)
 .debug_frame   0x00000000       0x20 ff/ccsbcs.o
 .debug_frame   0x00000020       0xf0 ff/diskio.o
 .debug_frame   0x00000110      0x2d0 ff/ff.o
 .debug_frame   0x000003e0       0x70 ff/UART_routines.o
 .debug_frame   0x00000450      0x130 eth/enc28j60.o
 .debug_frame   0x00000580      0x110 eth/lan.o
 .debug_frame   0x00000690       0x30 eth/ntp.o
 .debug_frame   0x000006c0      0x190 freertos/Source/tasks.o
 .debug_frame   0x00000850       0x80 freertos/Source/portable/GCC/ATMega323/port.o
 .debug_frame   0x000008d0       0x50 freertos/Source/portable/MemMang/heap_2.o
 .debug_frame   0x00000920       0x60 freertos/Source/list.o
 .debug_frame   0x00000980       0x50 freertos/Source/croutine.o
 .debug_frame   0x000009d0      0x150 freertos/Source/queue.o
 .debug_frame   0x00000b20       0x80 adc/adc.o
 .debug_frame   0x00000ba0       0x30 adc/adc_ex.o
 .debug_frame   0x00000bd0      0x200 uart/at_command.o
 .debug_frame   0x00000dd0       0xb0 uart/uart.o
 .debug_frame   0x00000e80       0x90 one-wire/ds18x20.o
 .debug_frame   0x00000f10       0xd0 one-wire/onewire.o
 .debug_frame   0x00000fe0       0x90 lcd/hd44780.o
 .debug_frame   0x00001070       0x90 lcd/lcd.o
 .debug_frame   0x00001100       0x60 i2c/i2c.o
 .debug_frame   0x00001160       0x90 i2c/ds1307.o
 .debug_frame   0x000011f0       0x40 spi/spi.o
 .debug_frame   0x00001230       0xd0 ls020/spiLS020.o
 .debug_frame   0x00001300      0x1e0 ls020/ls020.o
 .debug_frame   0x000014e0       0x80 main.o
 .debug_frame   0x00001560       0x40 Main_RTOS.o
 .debug_frame   0x000015a0       0x20 c:/program files (x86)/atmel/avr tools/avr toolchain/bin/../lib/gcc/avr/4.5.1/../../../../avr/lib/avr6\libc.a(printf.o)
 .debug_frame   0x000015c0       0x20 c:/program files (x86)/atmel/avr tools/avr toolchain/bin/../lib/gcc/avr/4.5.1/../../../../avr/lib/avr6\libc.a(sprintf.o)
 .debug_frame   0x000015e0       0x20 c:/program files (x86)/atmel/avr tools/avr toolchain/bin/../lib/gcc/avr/4.5.1/../../../../avr/lib/avr6\libc.a(vfprintf_std.o)
 .debug_frame   0x00001600       0x20 c:/program files (x86)/atmel/avr tools/avr toolchain/bin/../lib/gcc/avr/4.5.1/../../../../avr/lib/avr6\libc.a(fputc.o)

.debug_str      0x00000000     0x2c65
 *(.debug_str)
 .debug_str     0x00000000       0xb7 ff/ccsbcs.o
                                 0xf0 (size before relaxing)
 .debug_str     0x000000b7      0x208 ff/diskio.o
                                0x2f6 (size before relaxing)
 .debug_str     0x000002bf      0x4b8 ff/ff.o
                                0x66a (size before relaxing)
 .debug_str     0x00000777       0x91 ff/UART_routines.o
                                0x19a (size before relaxing)
 .debug_str     0x00000808      0x17d eth/enc28j60.o
                                0x2d4 (size before relaxing)
 .debug_str     0x00000985      0x27a eth/lan.o
                                0x391 (size before relaxing)
 .debug_str     0x00000bff       0xe4 eth/ntp.o
                                0x2a0 (size before relaxing)
 .debug_str     0x00000ce3      0x6f7 freertos/Source/tasks.o
                                0x825 (size before relaxing)
 .debug_str     0x000013da      0x10d freertos/Source/portable/GCC/ATMega323/port.o
                                0x237 (size before relaxing)
 .debug_str     0x000014e7      0x16c freertos/Source/portable/MemMang/heap_2.o
                                0x26b (size before relaxing)
 .debug_str     0x00001653       0xa3 freertos/Source/list.o
                                0x230 (size before relaxing)
 .debug_str     0x000016f6      0x252 freertos/Source/croutine.o
                                0x450 (size before relaxing)
 .debug_str     0x00001948      0x377 freertos/Source/queue.o
                                0x5a1 (size before relaxing)
 .debug_str     0x00001cbf       0x1c freertos/Source/timers.o
                                 0xef (size before relaxing)
 .debug_str     0x00001cdb       0x9d adc/adc.o
                                0x178 (size before relaxing)
 .debug_str     0x00001d78       0x3c adc/adc_ex.o
                                0x11b (size before relaxing)
 .debug_str     0x00001db4      0x230 uart/at_command.o
                                0x3a0 (size before relaxing)
 .debug_str     0x00001fe4       0xd0 uart/uart.o
                                0x1c8 (size before relaxing)
 .debug_str     0x000020b4      0x12b one-wire/ds18x20.o
                                0x282 (size before relaxing)
 .debug_str     0x000021df       0xb5 one-wire/onewire.o
                                0x1f6 (size before relaxing)
 .debug_str     0x00002294       0xa2 lcd/hd44780.o
                                0x203 (size before relaxing)
 .debug_str     0x00002336       0xad lcd/lcd.o
                                0x20e (size before relaxing)
 .debug_str     0x000023e3       0x3f i2c/i2c.o
                                0x11f (size before relaxing)
 .debug_str     0x00002422      0x11e i2c/ds1307.o
                                0x297 (size before relaxing)
 .debug_str     0x00002540       0x27 spi/spi.o
                                0x102 (size before relaxing)
 .debug_str     0x00002567       0xc3 ls020/spiLS020.o
                                0x1ba (size before relaxing)
 .debug_str     0x0000262a      0x327 ls020/ls020.o
                                0x4c3 (size before relaxing)
 .debug_str     0x00002951      0x103 main.o
                                0x52b (size before relaxing)
 .debug_str     0x00002a54       0x2a Main_RTOS.o
                                0x112 (size before relaxing)
 .debug_str     0x00002a7e       0x57 c:/program files (x86)/atmel/avr tools/avr toolchain/bin/../lib/gcc/avr/4.5.1/../../../../avr/lib/avr6\libc.a(printf.o)
                                0x125 (size before relaxing)
 .debug_str     0x00002ad5       0x5a c:/program files (x86)/atmel/avr tools/avr toolchain/bin/../lib/gcc/avr/4.5.1/../../../../avr/lib/avr6\libc.a(sprintf.o)
                                0x121 (size before relaxing)
 .debug_str     0x00002b2f       0x92 c:/program files (x86)/atmel/avr tools/avr toolchain/bin/../lib/gcc/avr/4.5.1/../../../../avr/lib/avr6\libc.a(vfprintf_std.o)
                                0x177 (size before relaxing)
 .debug_str     0x00002bc1       0x56 c:/program files (x86)/atmel/avr tools/avr toolchain/bin/../lib/gcc/avr/4.5.1/../../../../avr/lib/avr6\libc.a(fputc.o)
                                 0xfb (size before relaxing)
 .debug_str     0x00002c17       0x4e c:/program files (x86)/atmel/avr tools/avr toolchain/bin/../lib/gcc/avr/4.5.1/../../../../avr/lib/avr6\libc.a(iob.o)
                                 0xf2 (size before relaxing)

.debug_loc      0x00000000     0xaeb7
 *(.debug_loc)
 .debug_loc     0x00000000       0x70 ff/ccsbcs.o
 .debug_loc     0x00000070      0x9f2 ff/diskio.o
 .debug_loc     0x00000a62     0x40d7 ff/ff.o
 .debug_loc     0x00004b39      0x18e ff/UART_routines.o
 .debug_loc     0x00004cc7      0x450 eth/enc28j60.o
 .debug_loc     0x00005117      0x6cb eth/lan.o
 .debug_loc     0x000057e2      0x12e eth/ntp.o
 .debug_loc     0x00005910      0x99c freertos/Source/tasks.o
 .debug_loc     0x000062ac      0x329 freertos/Source/portable/GCC/ATMega323/port.o
 .debug_loc     0x000065d5      0x1f6 freertos/Source/portable/MemMang/heap_2.o
 .debug_loc     0x000067cb      0x158 freertos/Source/list.o
 .debug_loc     0x00006923      0x28d freertos/Source/croutine.o
 .debug_loc     0x00006bb0      0xa98 freertos/Source/queue.o
 .debug_loc     0x00007648       0xbf adc/adc.o
 .debug_loc     0x00007707       0x90 adc/adc_ex.o
 .debug_loc     0x00007797      0x49b uart/at_command.o
 .debug_loc     0x00007c32      0x6b4 uart/uart.o
 .debug_loc     0x000082e6      0x2ae one-wire/ds18x20.o
 .debug_loc     0x00008594      0x263 one-wire/onewire.o
 .debug_loc     0x000087f7       0xbf lcd/hd44780.o
 .debug_loc     0x000088b6      0x20c lcd/lcd.o
 .debug_loc     0x00008ac2       0x57 i2c/i2c.o
 .debug_loc     0x00008b19      0x27e i2c/ds1307.o
 .debug_loc     0x00008d97       0x1f spi/spi.o
 .debug_loc     0x00008db6       0x98 ls020/spiLS020.o
 .debug_loc     0x00008e4e     0x183b ls020/ls020.o
 .debug_loc     0x0000a689       0xfd main.o
 .debug_loc     0x0000a786       0x30 Main_RTOS.o
 .debug_loc     0x0000a7b6      0x6b1 c:/program files (x86)/atmel/avr tools/avr toolchain/bin/../lib/gcc/avr/4.5.1/../../../../avr/lib/avr6\libc.a(vfprintf_std.o)
 .debug_loc     0x0000ae67       0x50 c:/program files (x86)/atmel/avr tools/avr toolchain/bin/../lib/gcc/avr/4.5.1/../../../../avr/lib/avr6\libc.a(fputc.o)

.debug_macinfo
 *(.debug_macinfo)
OUTPUT(main.elf elf32-avr)
LOAD linker stubs

.debug_pubtypes
                0x00000000      0xd2d
 .debug_pubtypes
                0x00000000       0x25 ff/ccsbcs.o
 .debug_pubtypes
                0x00000025       0x75 ff/diskio.o
 .debug_pubtypes
                0x0000009a       0xda ff/ff.o
 .debug_pubtypes
                0x00000174       0x2b ff/UART_routines.o
 .debug_pubtypes
                0x0000019f       0x38 eth/enc28j60.o
 .debug_pubtypes
                0x000001d7      0x117 eth/lan.o
 .debug_pubtypes
                0x000002ee       0xdc eth/ntp.o
 .debug_pubtypes
                0x000003ca      0x163 freertos/Source/tasks.o
 .debug_pubtypes
                0x0000052d       0x5c freertos/Source/portable/GCC/ATMega323/port.o
 .debug_pubtypes
                0x00000589       0x73 freertos/Source/portable/MemMang/heap_2.o
 .debug_pubtypes
                0x000005fc       0x98 freertos/Source/list.o
 .debug_pubtypes
                0x00000694       0xfa freertos/Source/croutine.o
 .debug_pubtypes
                0x0000078e      0x117 freertos/Source/queue.o
 .debug_pubtypes
                0x000008a5       0x12 freertos/Source/timers.o
 .debug_pubtypes
                0x000008b7       0x1e adc/adc.o
 .debug_pubtypes
                0x000008d5       0x2b adc/adc_ex.o
 .debug_pubtypes
                0x00000900       0x51 uart/at_command.o
 .debug_pubtypes
                0x00000951       0x1e uart/uart.o
 .debug_pubtypes
                0x0000096f       0x2c one-wire/ds18x20.o
 .debug_pubtypes
                0x0000099b       0x2b one-wire/onewire.o
 .debug_pubtypes
                0x000009c6       0x38 lcd/hd44780.o
 .debug_pubtypes
                0x000009fe       0x38 lcd/lcd.o
 .debug_pubtypes
                0x00000a36       0x1e i2c/i2c.o
 .debug_pubtypes
                0x00000a54       0x38 i2c/ds1307.o
 .debug_pubtypes
                0x00000a8c       0x1e spi/spi.o
 .debug_pubtypes
                0x00000aaa       0x1e ls020/spiLS020.o
 .debug_pubtypes
                0x00000ac8       0x38 ls020/ls020.o
 .debug_pubtypes
                0x00000b00       0xda main.o
 .debug_pubtypes
                0x00000bda       0x1e Main_RTOS.o
 .debug_pubtypes
                0x00000bf8       0x48 c:/program files (x86)/atmel/avr tools/avr toolchain/bin/../lib/gcc/avr/4.5.1/../../../../avr/lib/avr6\libc.a(printf.o)
 .debug_pubtypes
                0x00000c40       0x48 c:/program files (x86)/atmel/avr tools/avr toolchain/bin/../lib/gcc/avr/4.5.1/../../../../avr/lib/avr6\libc.a(sprintf.o)
 .debug_pubtypes
                0x00000c88       0x53 c:/program files (x86)/atmel/avr tools/avr toolchain/bin/../lib/gcc/avr/4.5.1/../../../../avr/lib/avr6\libc.a(vfprintf_std.o)
 .debug_pubtypes
                0x00000cdb       0x29 c:/program files (x86)/atmel/avr tools/avr toolchain/bin/../lib/gcc/avr/4.5.1/../../../../avr/lib/avr6\libc.a(fputc.o)
 .debug_pubtypes
                0x00000d04       0x29 c:/program files (x86)/atmel/avr tools/avr toolchain/bin/../lib/gcc/avr/4.5.1/../../../../avr/lib/avr6\libc.a(iob.o)

.debug_ranges   0x00000000      0xda8
 .debug_ranges  0x00000000       0x10 ff/ccsbcs.o
 .debug_ranges  0x00000010       0xb0 ff/diskio.o
 .debug_ranges  0x000000c0      0x298 ff/ff.o
 .debug_ranges  0x00000358       0x38 ff/UART_routines.o
 .debug_ranges  0x00000390       0x98 eth/enc28j60.o
 .debug_ranges  0x00000428       0x88 eth/lan.o
 .debug_ranges  0x000004b0       0x18 eth/ntp.o
 .debug_ranges  0x000004c8      0x110 freertos/Source/tasks.o
 .debug_ranges  0x000005d8       0x40 freertos/Source/portable/GCC/ATMega323/port.o
 .debug_ranges  0x00000618       0x28 freertos/Source/portable/MemMang/heap_2.o
 .debug_ranges  0x00000640       0x30 freertos/Source/list.o
 .debug_ranges  0x00000670       0x28 freertos/Source/croutine.o
 .debug_ranges  0x00000698       0xa8 freertos/Source/queue.o
 .debug_ranges  0x00000740       0x40 adc/adc.o
 .debug_ranges  0x00000780       0x18 adc/adc_ex.o
 .debug_ranges  0x00000798      0x158 uart/at_command.o
 .debug_ranges  0x000008f0       0x58 uart/uart.o
 .debug_ranges  0x00000948       0x60 one-wire/ds18x20.o
 .debug_ranges  0x000009a8       0x68 one-wire/onewire.o
 .debug_ranges  0x00000a10       0x48 lcd/hd44780.o
 .debug_ranges  0x00000a58       0x48 lcd/lcd.o
 .debug_ranges  0x00000aa0       0x30 i2c/i2c.o
 .debug_ranges  0x00000ad0       0x48 i2c/ds1307.o
 .debug_ranges  0x00000b18       0x20 spi/spi.o
 .debug_ranges  0x00000b38       0x68 ls020/spiLS020.o
 .debug_ranges  0x00000ba0      0x138 ls020/ls020.o
 .debug_ranges  0x00000cd8       0x58 main.o
 .debug_ranges  0x00000d30       0x20 Main_RTOS.o
 .debug_ranges  0x00000d50       0x10 c:/program files (x86)/atmel/avr tools/avr toolchain/bin/../lib/gcc/avr/4.5.1/../../../../avr/lib/avr6\libc.a(printf.o)
 .debug_ranges  0x00000d60       0x10 c:/program files (x86)/atmel/avr tools/avr toolchain/bin/../lib/gcc/avr/4.5.1/../../../../avr/lib/avr6\libc.a(sprintf.o)
 .debug_ranges  0x00000d70       0x28 c:/program files (x86)/atmel/avr tools/avr toolchain/bin/../lib/gcc/avr/4.5.1/../../../../avr/lib/avr6\libc.a(vfprintf_std.o)
 .debug_ranges  0x00000d98       0x10 c:/program files (x86)/atmel/avr tools/avr toolchain/bin/../lib/gcc/avr/4.5.1/../../../../avr/lib/avr6\libc.a(fputc.o)
